###################################################################
# CRYSTAL23 - Pcrystal
# Number of cores requested:  32
# Script started on:          node06
# Temporary directory:        /scratch/users/gulian/tmp_p1195262
#
# Input file:                 mgo-b3lyp-soec_p-12.d12
MGO Bulk - B3LYP/POB-TZVP - Elastic constant calculation - P -12 GPa
CRYSTAL
0 0 0
 225
4.22814520 
 2
12     0.000000000000E+00  0.000000000000E+00  0.000000000000E+00
 8     5.000000000000E-01  5.000000000000E-01  5.000000000000E-01
ELASTCON
PRESSURE
-12
PREOPTGEOM
ENDELAST
BASISSET
POB-TZVP
DFT
B3LYP
XLGRID
ENDDFT
SCFDIR
BIPOSIZE
16000000
EXCHSIZE
16000000
TOLDEE
8
TOLINTEG
9 9 9 9 18
SHRINK
12 12
END
#
###################################################################

lun 20 lug 2026, 14:56:03, CEST
 PROCESS           11  OF           32  WORKING
 PROCESS            1  OF           32  WORKING
 PROCESS           12  OF           32  WORKING
 PROCESS           21  OF           32  WORKING
 PROCESS            2  OF           32  WORKING
 PROCESS            4  OF           32  WORKING
 PROCESS           18  OF           32  WORKING
 PROCESS           22  OF           32  WORKING
 PROCESS           26  OF           32  WORKING
 PROCESS           27  OF           32  WORKING
 PROCESS            9  OF           32  WORKING
 PROCESS            5  OF           32  WORKING
 PROCESS           14  OF           32  WORKING
 PROCESS           24  OF           32  WORKING
 PROCESS           15  OF           32  WORKING
 PROCESS            6  OF           32  WORKING
 PROCESS            7  OF           32  WORKING
 PROCESS           28  OF           32  WORKING
 PROCESS           29  OF           32  WORKING
 PROCESS            0  OF           32  WORKING
 PROCESS           19  OF           32  WORKING
 PROCESS           25  OF           32  WORKING
 PROCESS           31  OF           32  WORKING
 PROCESS           20  OF           32  WORKING
 PROCESS           13  OF           32  WORKING
 PROCESS           23  OF           32  WORKING
 PROCESS           30  OF           32  WORKING
 PROCESS           16  OF           32  WORKING
 PROCESS           17  OF           32  WORKING
 PROCESS            3  OF           32  WORKING
 PROCESS            8  OF           32  WORKING
 PROCESS           10  OF           32  WORKING

         
 *******************************************************************************
 *                                                                             *
 *                               CRYSTAL23                                     *
 *                      public : 1.0.1 - October 2022                          *
 *                       HTTP://WWW.CRYSTAL.UNITO.IT                           *
 *                                                                             *
 *                              MAIN AUTHORS                                   *
 *                                                                             *
 *  R. DOVESI(1,11), V.R. SAUNDERS(2), C. ROETTI(1,11), R. ORLANDO(1,11),      *
 *  C.M. ZICOVICH-WILSON(1,3), F. PASCALE(4), B. CIVALLERI(1,11),              *
 *  K. DOLL(5), N.M. HARRISON(6), I.J. BUSH(7), Ph. D'ARCO(8),                 *
 *  M. LLUNELL(9), M. CAUSA'(10), Y. NOEL(8), L. MASCHIO(1,11), A. ERBA(1,11)  *
 *  M. RE'RAT(14), S. CASASSA(1,11), B.G. SEARLE(2), J.K. DESMARAIS(1)         *
 *                                                                             *
 *        CONTRIBUTIONS TO THE CODE HAVE ALSO BEEN GIVEN BY                    *
 *                                                                             *
 *  M. FERRABONE(1,11), M. DE LA PIERRE(1,11), M. FERRERO(1,11),               *
 *  J. BAIMA(1,11), E. ALBANESE(1,11), M.F. PEINTINGER(12), R. BAST(13),       *
 *  B. KIRTMAN(15), V. LACIVITA(1,11), R. DEMICHELIS(1,16)                     *
 *  G. BRANDEBURG(17), S. SALUSTRO(1,11), G. SANSONE(1,11)                     *
 *  M.T. RUGGIERO(18), L.E. DAGA(1), L. DONA'(1), A. COSSARD(1)                *
 *                                                                             *
 * (1) THEORETICAL CHEMISTRY GROUP - UNIVERSITA' DI TORINO - TORINO (ITALY)    *
 * (2) SCIENTIFIC COMPUTING DEPARTMENT - STFC DARESBURY (UK)                   *
 * (3) UNIVERSIDAD AUTONOMA DEL ESTADO DE MORELOS - CUERNAVACA (MEXICO)        *
 * (4) UNIVERSITE' DE LORRAINE - NANCY (FRANCE)                                *
 * (5) UNIVERSITAET STUTTGART- STUTTGART (GERMANY)                             *
 * (6) IMPERIAL COLLEGE - LONDON (UK)                                          *
 * (7) SCIENTIFIC COMPUTING DEPARTMENT - STFC RAL (UK)                         *
 * (8) UPMC - SORBONNE UNIVERSITES - PARIS (FRANCE)                            *
 * (9) UNIVERSIDAD DE BARCELONA - BARCELONA (SPAIN)                            *
 *(10) UNIVERSITA' DI NAPOLI "FEDERICO II" - NAPOLI (ITALY)                    *
 *(11) NIS - NANOSTRUCTURED INTERFACES AND SURFACES - TORINO (ITALY)           *
 *(12) MPI FUER CHEMISCHE ENERGIEKONVERSION - MUELHEIM AN DER RUHR (GERMANY)   *
 *(13) UNIVERSITY OF TROMSO - TROMSO (NORWAY)                                  *
 *(14) UNIVERSITE' DE PAU ET DES PAYS DE L'ADOUR - PAU (FRANCE)                *
 *(15) UNIVERSITY OF CALIFORNIA SANTA BARBARA - SANTA BARBARA (USA)            *
 *(16) CURTIN UNIVERSITY - PERTH (AUSTRALIA)                                   *
 *(17) UNIVERSITY COLLEGE LONDON - LONDON (UK)                                 *
 *(18) UNIVERSITY OF VERMONT - BURLINGTON (USA)                                *
 *                                                                             *
 *******************************************************************************
 EEEEEEEEEE STARTING  DATE 20 07 2026 TIME 14:56:04.6
 MGO Bulk - B3LYP/POB-TZVP - Elastic constant calculation - P -12 GPa            

 CRYSTAL CALCULATION
 (INPUT ACCORDING TO THE INTERNATIONAL TABLES FOR X-RAY CRYSTALLOGRAPHY)
 CRYSTAL FAMILY                       :  CUBIC       
 CRYSTAL CLASS  (GROTH - 1921)        :  CUBIC HEXAKISOCTAHEDRAL              

 SPACE GROUP (CENTROSYMMETRIC)        :  F M 3 M         

 LATTICE PARAMETERS  (ANGSTROMS AND DEGREES) - CONVENTIONAL CELL
        A           B           C        ALPHA        BETA       GAMMA
     4.22815     4.22815     4.22815    90.00000    90.00000    90.00000


 NUMBER OF IRREDUCIBLE ATOMS IN THE CONVENTIONAL CELL:    2

 INPUT COORDINATES

 ATOM AT. N.              COORDINATES
   1  12     0.000000000000E+00  0.000000000000E+00  0.000000000000E+00
   2   8     5.000000000000E-01  5.000000000000E-01  5.000000000000E-01

 *******************************************************************************

 << INFORMATION >>: FROM NOW ON, ALL COORDINATES REFER TO THE PRIMITIVE CELL

 *******************************************************************************

 LATTICE PARAMETERS  (ANGSTROMS AND DEGREES) - PRIMITIVE CELL
       A          B          C        ALPHA      BETA     GAMMA        VOLUME
    2.98975    2.98975    2.98975    60.00000  60.00000  60.00000     18.896862

 COORDINATES OF THE EQUIVALENT ATOMS (FRACTIONAL UNITS)

 N. ATOM EQUIV AT. N.          X                  Y                  Z

   1   1   1   12 MG    0.00000000000E+00  0.00000000000E+00  0.00000000000E+00

   2   2   1    8 O    -5.00000000000E-01 -5.00000000000E-01 -5.00000000000E-01

 NUMBER OF SYMMETRY OPERATORS         :   48
 *******************************************************************************
 * GEOMETRY EDITING - INPUT COORDINATES ARE GIVEN IN ANGSTROM         
 *******************************************************************************

 GEOMETRY NOW FULLY CONSISTENT WITH THE GROUP
 INFORMATION **** NEW DEFAULT **** FINALRUN 4 FOR GEOMETRY OPTIMIZATIONS
 INFORMATION **** NEW DEFAULT **** OPTGEOM OPTIMIZES BOTH ATOMIC COORDINATES AND CELL PARAMETERS
 INFORMATION **** NEW DEFAULT **** TOL. ON ATOMIC DISP TO REDEFINE REF. GEOMETRY: 0.8 Angs
 INFORMATION **** NEW DEFAULT **** N POINTS TO REDEFINE REF. GEOMETRY: N OF OPT DEGS OF FREEDOM
 INFORMATION **** NEW DEFAULT **** TOL. ON ENERGY TO REDEFINE REF. GEOMETRY: 10**-3*(5*N. ATOMS)

 IMPORTANT INFORMATION:
 THE COORDINATE SYSTEM ADOPTED IN THE OPTIMIZATION IS NOT IN
 GENERAL HOMOGENEOUS UNITS. FOR THIS REASON THE GRADIENT AND 
 HESSIAN MATRIX IN TERMS OF THIS SYSTEM ARE GIVEN WITHOUT
 UNITS. FOR MORE DETAILS SEE THE MANUAL.

 INITIAL TRUST RADIUS         0.50000 MAXIMUM TRUST RADIUS               4.00000
 MAXIMUM GRADIENT COMPONENT   0.00045 MAXIMUM DISPLACEMENT COMPONENT     0.00180
 R.M.S. OF GRADIENT COMPONENT 0.00030 R.M.S. OF DISPLACEMENT COMPONENTS  0.00120
 THRESHOLD ON ENERGY CHANGE 0.100E-06 EXTRAPOLATING POLYNOMIAL ORDER           2
 MAXIMUM ALLOWED NUMBER OF STEPS   -1 SORTING OF ENERGY POINTS:               NO
 ANALYTICAL  GRADIENT                 HESSIAN UPDATING                      BFGS
 STEP SIZE NUMERICAL GRADIENT 0.00100
 INITIAL HESSIAN MATRIX: SCHLEGEL MODEL 2
 *******************************************************************************


 ELAELAELAELAELAELAELAELAELAELAELAELAELAELAELAELAELAELAELAELAELAELAELAELAELAELA

                       ELASTIC CALCULATION

 INFORMATION **** TOLDEX ****  CONVERGENCE CRITERION FOR RMS DISPLACEMENT MODIFIED  6.200000E-04
 INFORMATION **** TOLDEG **** MODIFY CONVERGENCE CRITERION FOR RMS GRADIENT  3.000000E-04
 INFORMATION **** TOLDEE **** CONVERGENCE CRITERION FOR ENERGY MODIFIED: 10**-           8

 EXTERNAL STRESS APPLIED (HARTREE/BOHR^3):
 (1 HARTREE/BOHR^3 = 29421 GIGAPASCAL)
 EXTERNAL STRESS
 ORDER:   11   12    13 
          21   22    23 
          31   32    33 
 -0.4078593E-03  0.0000000E+00  0.0000000E+00
  0.0000000E+00 -0.4078593E-03  0.0000000E+00
  0.0000000E+00  0.0000000E+00 -0.4078593E-03

 OPTIMIZATION PERFORMED BEFORE ELASTCON CALCULATION
 *******************************************************************************

 GCALCO - MAX INDICES DIRECT LATTICE VECTOR    14    14    14
 NO.OF VECTORS CREATED 6999 STARS  105 RMAX    59.79196 BOHR

 GEOMETRY FOR WAVE FUNCTION - DIMENSIONALITY OF THE SYSTEM    3
 (NON PERIODIC DIRECTION: LATTICE PARAMETER FORMALLY SET TO 500)
 *******************************************************************************
 LATTICE PARAMETERS (ANGSTROMS AND DEGREES) - BOHR = 0.5291772083 ANGSTROM
 PRIMITIVE CELL - CENTRING CODE 5/0 VOLUME=    18.896862 - DENSITY  3.513 g/cm^3
         A              B              C           ALPHA      BETA       GAMMA 
     2.98975014     2.98975014     2.98975014    60.000000  60.000000  60.000000
 *******************************************************************************
 ATOMS IN THE ASYMMETRIC UNIT    2 - ATOMS IN THE UNIT CELL:    2
     ATOM                 X/A                 Y/B                 Z/C    
 *******************************************************************************
      1 T  12 MG    0.000000000000E+00  0.000000000000E+00  0.000000000000E+00
      2 T   8 O    -5.000000000000E-01 -5.000000000000E-01 -5.000000000000E-01

 TRANSFORMATION MATRIX PRIMITIVE-CRYSTALLOGRAPHIC CELL
 -1.0000  1.0000  1.0000  1.0000 -1.0000  1.0000  1.0000  1.0000 -1.0000

 *******************************************************************************
 CRYSTALLOGRAPHIC CELL (VOLUME=         75.58744740)
         A              B              C           ALPHA      BETA       GAMMA 
     4.22814520     4.22814520     4.22814520    90.000000  90.000000  90.000000

 COORDINATES IN THE CRYSTALLOGRAPHIC CELL
     ATOM                 X/A                 Y/B                 Z/C    
 *******************************************************************************
      1 T  12 MG    0.000000000000E+00  0.000000000000E+00  0.000000000000E+00
      2 T   8 O    -5.000000000000E-01 -5.000000000000E-01 -5.000000000000E-01

 T = ATOM BELONGING TO THE ASYMMETRIC UNIT

 ****   48 SYMMOPS - TRANSLATORS IN FRACTIONAL UNITS
 **** MATRICES AND TRANSLATORS IN THE CRYSTALLOGRAPHIC REFERENCE FRAME
   V INV                    ROTATION MATRICES                   TRANSLATORS
   1   1  1.00  0.00  0.00  0.00  1.00  0.00  0.00  0.00  1.00  0.00  0.00  0.00
   2   2  0.00  1.00 -0.00  1.00  0.00  0.00 -1.00 -1.00 -1.00  0.00  0.00  0.00
   3   3 -1.00 -1.00 -1.00 -0.00 -0.00  1.00  0.00  1.00 -0.00  0.00  0.00  0.00
   4   4 -0.00 -0.00  1.00 -1.00 -1.00 -1.00  1.00  0.00  0.00  0.00  0.00  0.00
   5   6  0.00  0.00  1.00  1.00 -0.00  0.00 -0.00  1.00 -0.00  0.00  0.00  0.00
   6   5  0.00  1.00  0.00 -0.00  0.00  1.00  1.00 -0.00 -0.00  0.00  0.00  0.00
   7   8  1.00 -0.00  0.00  0.00  0.00  1.00 -1.00 -1.00 -1.00  0.00  0.00  0.00
   8   7  1.00 -0.00 -0.00 -1.00 -1.00 -1.00  0.00  1.00  0.00  0.00  0.00  0.00
   9  10 -1.00 -1.00 -1.00 -0.00  1.00 -0.00  1.00 -0.00  0.00  0.00  0.00  0.00
  10   9 -0.00  0.00  1.00  0.00  1.00  0.00 -1.00 -1.00 -1.00  0.00  0.00  0.00
  11  12 -0.00  1.00 -0.00 -1.00 -1.00 -1.00  0.00  0.00  1.00  0.00  0.00  0.00
  12  11 -1.00 -1.00 -1.00  1.00 -0.00 -0.00 -0.00  0.00  1.00  0.00  0.00  0.00
  13  13 -0.00 -1.00 -0.00 -1.00 -0.00  0.00  0.00  0.00 -1.00  0.00  0.00  0.00
  14  14 -1.00 -0.00  0.00 -0.00 -1.00 -0.00  1.00  1.00  1.00  0.00  0.00  0.00
  15  16  0.00  0.00 -1.00  1.00  1.00  1.00 -0.00 -1.00 -0.00  0.00  0.00  0.00
  16  15  1.00  1.00  1.00  0.00  0.00 -1.00 -1.00 -0.00  0.00  0.00  0.00  0.00
  17  17 -1.00 -0.00 -0.00 -0.00  0.00 -1.00  0.00 -1.00  0.00  0.00  0.00  0.00
  18  18 -0.00 -0.00 -1.00  0.00 -1.00 -0.00 -1.00  0.00  0.00  0.00  0.00  0.00
  19  21 -0.00  0.00 -1.00 -1.00 -0.00 -0.00  1.00  1.00  1.00  0.00  0.00  0.00
  20  22  1.00  1.00  1.00 -1.00  0.00  0.00  0.00 -1.00 -0.00  0.00  0.00  0.00
  21  19  0.00 -1.00  0.00  1.00  1.00  1.00 -1.00 -0.00 -0.00  0.00  0.00  0.00
  22  20  0.00 -1.00 -0.00 -0.00 -0.00 -1.00  1.00  1.00  1.00  0.00  0.00  0.00
  23  23  1.00  1.00  1.00  0.00 -1.00  0.00 -0.00  0.00 -1.00  0.00  0.00  0.00
  24  24 -1.00  0.00  0.00  1.00  1.00  1.00 -0.00 -0.00 -1.00  0.00  0.00  0.00
  25  25 -1.00 -0.00 -0.00 -0.00 -1.00  0.00  0.00  0.00 -1.00  0.00  0.00  0.00
  26  26 -0.00 -1.00  0.00 -1.00 -0.00 -0.00  1.00  1.00  1.00  0.00  0.00  0.00
  27  27  1.00  1.00  1.00  0.00  0.00 -1.00 -0.00 -1.00  0.00  0.00  0.00  0.00
  28  28  0.00  0.00 -1.00  1.00  1.00  1.00 -1.00 -0.00 -0.00  0.00  0.00  0.00
  29  30 -0.00 -0.00 -1.00 -1.00  0.00 -0.00  0.00 -1.00  0.00  0.00  0.00  0.00
  30  29 -0.00 -1.00 -0.00  0.00 -0.00 -1.00 -1.00  0.00  0.00  0.00  0.00  0.00
  31  32 -1.00  0.00 -0.00 -0.00 -0.00 -1.00  1.00  1.00  1.00  0.00  0.00  0.00
  32  31 -1.00  0.00  0.00  1.00  1.00  1.00 -0.00 -1.00 -0.00  0.00  0.00  0.00
  33  34  1.00  1.00  1.00  0.00 -1.00  0.00 -1.00  0.00 -0.00  0.00  0.00  0.00
  34  33  0.00 -0.00 -1.00 -0.00 -1.00 -0.00  1.00  1.00  1.00  0.00  0.00  0.00
  35  36  0.00 -1.00  0.00  1.00  1.00  1.00 -0.00 -0.00 -1.00  0.00  0.00  0.00
  36  35  1.00  1.00  1.00 -1.00  0.00  0.00  0.00 -0.00 -1.00  0.00  0.00  0.00
  37  37  0.00  1.00  0.00  1.00  0.00 -0.00 -0.00 -0.00  1.00  0.00  0.00  0.00
  38  38  1.00  0.00 -0.00  0.00  1.00  0.00 -1.00 -1.00 -1.00  0.00  0.00  0.00
  39  40 -0.00 -0.00  1.00 -1.00 -1.00 -1.00  0.00  1.00  0.00  0.00  0.00  0.00
  40  39 -1.00 -1.00 -1.00 -0.00 -0.00  1.00  1.00  0.00 -0.00  0.00  0.00  0.00
  41  41  1.00  0.00  0.00  0.00 -0.00  1.00 -0.00  1.00 -0.00  0.00  0.00  0.00
  42  42  0.00  0.00  1.00 -0.00  1.00  0.00  1.00 -0.00 -0.00  0.00  0.00  0.00
  43  45  0.00 -0.00  1.00  1.00  0.00  0.00 -1.00 -1.00 -1.00  0.00  0.00  0.00
  44  46 -1.00 -1.00 -1.00  1.00 -0.00 -0.00 -0.00  1.00  0.00  0.00  0.00  0.00
  45  43 -0.00  1.00 -0.00 -1.00 -1.00 -1.00  1.00  0.00  0.00  0.00  0.00  0.00
  46  44 -0.00  1.00  0.00  0.00  0.00  1.00 -1.00 -1.00 -1.00  0.00  0.00  0.00
  47  47 -1.00 -1.00 -1.00 -0.00  1.00 -0.00  0.00 -0.00  1.00  0.00  0.00  0.00
  48  48  1.00 -0.00 -0.00 -1.00 -1.00 -1.00  0.00  0.00  1.00  0.00  0.00  0.00

 DIRECT LATTICE VECTORS CARTESIAN COMPONENTS (ANGSTROM)
          X                    Y                    Z
   0.000000000000E+00   0.211407260000E+01   0.211407260000E+01
   0.211407260000E+01   0.000000000000E+00   0.211407260000E+01
   0.211407260000E+01   0.211407260000E+01   0.000000000000E+00


 CARTESIAN COORDINATES - PRIMITIVE CELL
 *******************************************************************************
 *      ATOM          X(ANGSTROM)         Y(ANGSTROM)         Z(ANGSTROM)
 *******************************************************************************
    1    12 MG    0.000000000000E+00  0.000000000000E+00  0.000000000000E+00
    2     8 O     2.114072600000E+00  2.114072600000E+00  2.114072600000E+00

 *******************************************************************************
 STARTING BASIS SET HANDLING 
 *******************************************************************************

 Loading internal basis set: POB-TZVP            

 Please cite in your publication:
 Peintinger, M. F., Oliveira, D. V. and Bredow, T. (2013), Consistent Gaussian b
 asis sets of triple-zeta valence with polarization quality for solid-state calc
 ulations. J. Comput. Chem., 34: 451-459. doi: 10.1002/jcc.23153                
                    

 *******************************************************************************
 LOCAL ATOMIC FUNCTIONS BASIS SET
 *******************************************************************************
   ATOM   X(AU)   Y(AU)   Z(AU)  N. TYPE  EXPONENT  S COEF   P COEF   D/F/G COEF
 *******************************************************************************
   1 MG   0.000   0.000   0.000
                                  1 S  
                                         3.144E+04 6.091E-04 0.000E+00 0.000E+00
                                         4.716E+03 4.707E-03 0.000E+00 0.000E+00
                                         1.073E+03 2.414E-02 0.000E+00 0.000E+00
                                         3.036E+02 9.363E-02 0.000E+00 0.000E+00
                                         9.863E+01 2.665E-01 0.000E+00 0.000E+00
                                         3.494E+01 4.789E-01 0.000E+00 0.000E+00
                                         1.286E+01 3.370E-01 0.000E+00 0.000E+00
                                  2 S  
                                         6.488E+01 1.918E-02 0.000E+00 0.000E+00
                                         1.973E+01 9.091E-02 0.000E+00 0.000E+00
                                         2.895E+00-3.956E-01 0.000E+00 0.000E+00
                                  3 S  
                                         1.196E+00 1.683E+00 0.000E+00 0.000E+00
                                         5.433E-01 5.214E-01 0.000E+00 0.000E+00
                                  4 S  
                                         1.347E+00 1.000E+00 0.000E+00 0.000E+00
                                  5 S  
                                         3.451E-01 1.000E+00 0.000E+00 0.000E+00
                           6-     8 P  
                                         1.799E+02 0.000E+00 5.380E-03 0.000E+00
                                         4.212E+01 0.000E+00 3.932E-02 0.000E+00
                                         1.312E+01 0.000E+00 1.574E-01 0.000E+00
                                         4.626E+00 0.000E+00 3.592E-01 0.000E+00
                                         1.670E+00 0.000E+00 4.553E-01 0.000E+00
                           9-    11 P  
                                         5.663E-01 0.000E+00 1.000E+00 0.000E+00
                          12-    14 P  
                                         1.881E-01 0.000E+00 1.000E+00 0.000E+00
                          15-    19 D  
                                         6.936E-01 0.000E+00 0.000E+00 1.000E+00
   2 O    3.995   3.995   3.995
                                 20 S  
                                         2.703E+04 2.173E-04 0.000E+00 0.000E+00
                                         4.052E+03 1.684E-03 0.000E+00 0.000E+00
                                         9.223E+02 8.740E-03 0.000E+00 0.000E+00
                                         2.612E+02 3.524E-02 0.000E+00 0.000E+00
                                         8.535E+01 1.115E-01 0.000E+00 0.000E+00
                                         3.104E+01 2.559E-01 0.000E+00 0.000E+00
                                 21 S  
                                         1.226E+01 3.977E-01 0.000E+00 0.000E+00
                                         4.999E+00 2.463E-01 0.000E+00 0.000E+00
                                 22 S  
                                         1.099E+00 1.000E+00 0.000E+00 0.000E+00
                                 23 S  
                                         3.566E-01 1.000E+00 0.000E+00 0.000E+00
                          24-    26 P  
                                         6.327E+01 0.000E+00 6.069E-03 0.000E+00
                                         1.463E+01 0.000E+00 4.191E-02 0.000E+00
                                         4.450E+00 0.000E+00 1.615E-01 0.000E+00
                                         1.528E+00 0.000E+00 3.571E-01 0.000E+00
                          27-    29 P  
                                         5.490E-01 0.000E+00 1.000E+00 0.000E+00
                          30-    32 P  
                                         1.859E-01 0.000E+00 1.000E+00 0.000E+00
                          33-    37 D  
                                         2.535E-01 0.000E+00 0.000E+00 1.000E+00

 *******************************************************************************
 FINISHED BASIS SET HANDLING 
 *******************************************************************************

 INFORMATION **** SET_MPP **** PCRYSTAL CALCULATION
 INFORMATION **** READM2 **** NEW DEFAULT: FOCK/KS MATRIX MIXING SET TO 30 %
 INFORMATION **** READM2 **** NEW DEFAULT: FULL DIRECT SCF MODE
 INFORMATION **** READM2 **** NEW DEFAULT: COULOMB BIPOLAR BUFFER SET TO 32 Mb
 INFORMATION **** READM2 **** NEW DEFAULT: EXCHANGE BIPOLAR BUFFER SET TO 32 Mb

 *******************************************************************************
 NEW DEFAULT: DFT INTEGRATION GRID INCREASED TO XLGRID
 NEW DEFAULT: DIIS ACCELERATOR ACTIVE
 USE KEYWORD NODIIS TO TURN IT OFF
 *******************************************************************************

 INFORMATION **** READM2 **** FULL DIRECT SCF (MONO AND BIEL INT) SELECTED
 INFORMATION **** BIPOSIZE **** COULOMB BIPOLAR BUFFER SET TO    16000000
 INFORMATION **** EXCHSIZE **** EXCHANGE BIPOLAR BUFFER SIZE SET TO    16000000
 INFORMATION **** TOLDEE **** SCF TOL ON TOTAL ENERGY SET TO           8
 INFORMATION **** TOLINTEG **** COULOMB AND EXCHANGE SERIES TOLERANCES MODIFIED
 *******************************************************************************
 N. OF ATOMS PER CELL         2  COULOMB OVERLAP TOL         (T1) 10**   -9
 NUMBER OF SHELLS            17  COULOMB PENETRATION TOL     (T2) 10**   -9
 NUMBER OF AO                37  EXCHANGE OVERLAP TOL        (T3) 10**   -9
 N. OF ELECTRONS PER CELL    20  EXCHANGE PSEUDO OVP (F(G))  (T4) 10**   -9
 CORE ELECTRONS PER CELL     12  EXCHANGE PSEUDO OVP (P(G))  (T5) 10**  -18
 N. OF SYMMETRY OPERATORS    48  POLE ORDER IN MONO ZONE                  4
 *******************************************************************************
 TYPE OF CALCULATION :  RESTRICTED CLOSED SHELL
 KOHN-SHAM HAMILTONIAN

 (EXCHANGE)[CORRELATION] FUNCTIONAL:(BECKE 88)[LEE-YANG-PARR]

 NON-LOCAL WEIGHTING FACTOR (EXCHANGE) =           0.9000
 NON-LOCAL WEIGHTING FACTOR [CORRELATION] =        0.8100

 HYBRID EXCHANGE - PERCENTAGE OF FOCK EXCHANGE    20.0000

 CAPPA:IS1 12;IS2 12;IS3 12; K PTS MONK NET  72; SYMMOPS:K SPACE  48;G SPACE  48

 *******************************************************************************
 MAX NUMBER OF SCF CYCLES      50  CONVERGENCE ON DELTAP        10**-18
 WEIGHT OF F(I) IN F(I+1)      30% CONVERGENCE ON ENERGY        10**- 8
 SHRINK. FACT.(MONKH.)   12 12 12  NUMBER OF K POINTS IN THE IBZ     72
 SHRINKING FACTOR(GILAT NET)   12  NUMBER OF K POINTS(GILAT NET)     72
 *******************************************************************************
 *** K POINTS COORDINATES (OBLIQUE COORDINATES IN UNITS OF IS = 12)
   1-R(  0  0  0)   2-C(  1  0  0)   3-C(  2  0  0)   4-C(  3  0  0)
   5-C(  4  0  0)   6-C(  5  0  0)   7-R(  6  0  0)   8-C(  1  1  0)
   9-C(  2  1  0)  10-C(  3  1  0)  11-C(  4  1  0)  12-C(  5  1  0)
  13-C(  6  1  0)  14-C(  7  1  0)  15-C(  8  1  0)  16-C(  9  1  0)
  17-C( 10  1  0)  18-C( 11  1  0)  19-C(  2  2  0)  20-C(  3  2  0)
  21-C(  4  2  0)  22-C(  5  2  0)  23-C(  6  2  0)  24-C(  7  2  0)
  25-C(  8  2  0)  26-C(  9  2  0)  27-C( 10  2  0)  28-C(  3  3  0)
  29-C(  4  3  0)  30-C(  5  3  0)  31-C(  6  3  0)  32-C(  7  3  0)
  33-C(  8  3  0)  34-C(  9  3  0)  35-C(  4  4  0)  36-C(  5  4  0)
  37-C(  6  4  0)  38-C(  7  4  0)  39-C(  8  4  0)  40-C(  5  5  0)
  41-C(  6  5  0)  42-C(  7  5  0)  43-R(  6  6  0)  44-C(  3  2  1)
  45-C(  4  2  1)  46-C(  5  2  1)  47-C(  6  2  1)  48-C(  7  2  1)
  49-C(  4  3  1)  50-C(  5  3  1)  51-C(  6  3  1)  52-C(  7  3  1)
  53-C(  8  3  1)  54-C(  9  3  1)  55-C( 10  3  1)  56-C(  5  4  1)
  57-C(  6  4  1)  58-C(  7  4  1)  59-C(  8  4  1)  60-C(  9  4  1)
  61-C(  6  5  1)  62-C(  7  5  1)  63-C(  8  5  1)  64-C(  7  6  1)
  65-C(  6  4  2)  66-C(  7  4  2)  67-C(  8  4  2)  68-C(  7  5  2)
  69-C(  8  5  2)  70-C(  9  5  2)  71-C(  8  6  2)  72-C(  9  6  3)

 DIRECT LATTICE VECTORS COMPON. (A.U.)     RECIP. LATTICE VECTORS COMPON. (A.U.) 
        X            Y            Z              X            Y            Z
    0.0000000    3.9950182    3.9950182     -0.7863775    0.7863775    0.7863775
    3.9950182    0.0000000    3.9950182      0.7863775   -0.7863775    0.7863775
    3.9950182    3.9950182    0.0000000      0.7863775    0.7863775   -0.7863775

 DISK SPACE FOR EIGENVECTORS (FTN 10)      193029 REALS

 SYMMETRY ADAPTION OF THE BLOCH FUNCTIONS ENABLED
 TTTTTTTTTTTTTTTTTTTTTTTTTTTTTT gordsh1     TELAPSE        0.99 TCPU        0.70

 MATRIX SIZE: P(G)  128375, F(G)   22615, P(G) IRR    4600, F(G) IRR    2292
 MAX G-VECTOR INDEX FOR 1- AND 2-ELECTRON INTEGRALS 679

 TTTTTTTTTTTTTTTTTTTTTTTTTTTTTT INPUT       TELAPSE        0.99 TCPU        0.71

 NEIGHBORS OF THE NON-EQUIVALENT ATOMS

 N = NUMBER OF NEIGHBORS AT DISTANCE R
    ATOM  N     R/ANG      R/AU   NEIGHBORS (ATOM LABELS AND CELL INDICES)
   1 MG   6     2.1141     3.9950    2 O   -1 0 0    2 O    0-1 0    2 O    0 0-1
                                     2 O   -1-1 0    2 O   -1 0-1    2 O    0-1-1
   1 MG  12     2.9898     5.6498    1 MG  -1 0 0    1 MG   1 0 0    1 MG  -1 0 1
                                     1 MG   1 0-1    1 MG  -1 1 0    1 MG   1-1 0
                                     1 MG   0-1 0    1 MG   0 1 0    1 MG   0-1 1
                                     1 MG   0 1-1    1 MG   0 0-1    1 MG   0 0 1
   1 MG   8     3.6617     6.9196    2 O    0 0 0    2 O   -1-1 1    2 O   -1 1-1
                                     2 O    1-1-1    2 O   -2 0 0    2 O    0-2 0
                                     2 O    0 0-2    2 O   -1-1-1
   1 MG   6     4.2281     7.9900    1 MG  -1-1 1    1 MG   1 1-1    1 MG  -1 1-1
                                     1 MG   1-1 1    1 MG  -1 1 1    1 MG   1-1-1
   1 MG  24     4.7272     8.9331    2 O    1 0-1    2 O   -1 0 1    2 O    1-1 0
                                     2 O   -1 1 0    2 O    0 1-1    2 O    0-1 1
                                     2 O   -2 0 1    2 O   -2 1 0    2 O    1 0-2
                                     2 O    1-2 0    2 O    0-2 1    2 O    0 1-2
                                     2 O   -2-1 1    2 O   -2 1-1    2 O   -1-2 1
                                     2 O   -1 1-2    2 O    1-1-2    2 O    1-2-1
                                     2 O   -2-1 0    2 O   -2 0-1    2 O   -1-2 0
                                     2 O   -1 0-2    2 O    0-2-1    2 O    0-1-2
   1 MG  24     5.1784     9.7858    1 MG  -2 0 1    1 MG   2 0-1    1 MG  -2 1 0
                                     1 MG   2-1 0    1 MG  -2 1 1    1 MG   2-1-1
                                     1 MG  -1-1 0    1 MG   1 1 0    1 MG  -1-1 2
                                     1 MG   1 1-2    1 MG  -1 0-1    1 MG   1 0 1
                                     1 MG  -1 0 2    1 MG   1 0-2    1 MG  -1 2-1
                                     1 MG   1-2 1    1 MG  -1 2 0    1 MG   1-2 0
                                     1 MG   0-2 1    1 MG   0 2-1    1 MG   0-1-1
                                     1 MG   0 1 1    1 MG   0-1 2    1 MG   0 1-2

   2 O    6     2.1141     3.9950    1 MG   1 0 0    1 MG   0 1 0    1 MG   0 0 1
                                     1 MG   1 1 0    1 MG   1 0 1    1 MG   0 1 1
   2 O   12     2.9898     5.6498    2 O   -1 0 0    2 O    1 0 0    2 O   -1 0 1
                                     2 O    1 0-1    2 O   -1 1 0    2 O    1-1 0
                                     2 O    0-1 0    2 O    0 1 0    2 O    0-1 1
                                     2 O    0 1-1    2 O    0 0-1    2 O    0 0 1
   2 O    8     3.6617     6.9196    1 MG   0 0 0    1 MG   1 1-1    1 MG   1-1 1
                                     1 MG  -1 1 1    1 MG   2 0 0    1 MG   0 2 0
                                     1 MG   0 0 2    1 MG   1 1 1
   2 O    6     4.2281     7.9900    2 O   -1-1 1    2 O    1 1-1    2 O   -1 1-1
                                     2 O    1-1 1    2 O   -1 1 1    2 O    1-1-1
   2 O   24     4.7272     8.9331    1 MG  -1 0 1    1 MG   1 0-1    1 MG  -1 1 0
                                     1 MG   1-1 0    1 MG   0-1 1    1 MG   0 1-1
                                     1 MG   2 0-1    1 MG   2-1 0    1 MG  -1 0 2
                                     1 MG  -1 2 0    1 MG   0 2-1    1 MG   0-1 2
                                     1 MG   2 1-1    1 MG   2-1 1    1 MG   1 2-1
                                     1 MG   1-1 2    1 MG  -1 1 2    1 MG  -1 2 1
                                     1 MG   2 1 0    1 MG   2 0 1    1 MG   1 2 0
                                     1 MG   1 0 2    1 MG   0 2 1    1 MG   0 1 2
   2 O   24     5.1784     9.7858    2 O   -2 0 1    2 O    2 0-1    2 O   -2 1 0
                                     2 O    2-1 0    2 O   -2 1 1    2 O    2-1-1
                                     2 O   -1-1 0    2 O    1 1 0    2 O   -1-1 2
                                     2 O    1 1-2    2 O   -1 0-1    2 O    1 0 1
                                     2 O   -1 0 2    2 O    1 0-2    2 O   -1 2-1
                                     2 O    1-2 1    2 O   -1 2 0    2 O    1-2 0
                                     2 O    0-2 1    2 O    0 2-1    2 O    0-1-1
                                     2 O    0 1 1    2 O    0-1 2    2 O    0 1-2


 SYMMETRY ALLOWED ELASTIC DISTORTION 1
  0.5773503  0.0000000  0.0000000
  0.0000000  0.5773503  0.0000000
  0.0000000  0.0000000  0.5773503

 THERE ARE NO SYMMETRY ALLOWED DIRECTIONS
 TTTTTTTTTTTTTTTTTTTTTTTTTTTTTT SYMM        TELAPSE        1.00 TCPU        0.72
 TTTTTTTTTTTTTTTTTTTTTTTTTTTTTT INT_SCREEN  TELAPSE        1.01 TCPU        0.72

 ************************************************************************
 ************************************************************************
 * ELASTCON OPTION, W.F. PERGER, B. CIVALLERI, R. DOVESI                *
 * REFERENCES TO BE QUOTED WHEN USING THIS MODULE:                      *
 *                                                                      *
 * W.F. Perger, C. Criswell, B. Civalleri, R. Dovesi                    *
 * Ab-initio calculation of elastic constants of crystalline            *
 * systems with the CRYSTAL code                                        *
 * Comp. Phys. Comm. 180 (2009) 1753-1759                               *
 *                                                                      *
 * IT IS ASSUMED THAT THE INPUT IS FROM AN OPTIMIZED RUN                *

 CONVERGENCE CRITERION FOR ENERGY, TOLDEE =          1.0000E-08
 CONVERGENCE CRITERION FOR RMS GRADIENT, TOLDEG =    3.0000E-04
 CONVERGENCE CRITERION FOR RMS DISPLACEMENT, TOLDEX  6.2000E-04
 MAGNITUDE OF STEPSIZE FOR ADIMENSIONAL STRAINS =    1.0000E-02
 NUMBER OF POINTS (TOTAL) IN NUMERICAL 2ND DERIVATIVE=        3
 ************************************************************************
 ************************************************************************

 ************************************************************************

  Y. NOEL POST DOC. TURIN 2002

  THIS ROUTINE EVALUATES THE NON ZERO ELEMENTS OF THE ELASTIC TENSOR 

  ORDER OF THE TENSOR : 4

 |  1 A    1 B    1 B     .      .      .     |
 |         1 A    1 B     .      .      .     |
 |                1 A     .      .      .     |
 |                       1 C     .      .     |
 |                              1 C     .     |
 |                                     1 C    |

 EACH  LETTER   CORRESPONDS  TO  AN  INDEPENDENT  COMPONENT.
 INTERDEPENDENT COMPONENTS (WITH SAME LETTER) ARE RELATED BY
 THE COEFFICIENT THAT PRECEEDS EACH LETTER.

 ************************************************************************


 LIST OF ACTIVE DEFORMATIONS: 
             1
             4
 TTTTTTTTTTTTTTTTTTTTTTTTTTTTTT gordsh1     TELAPSE        1.01 TCPU        0.72

 MATRIX SIZE: P(G)  128375, F(G)   22615, P(G) IRR    4600, F(G) IRR    2292
 MAX G-VECTOR INDEX FOR 1- AND 2-ELECTRON INTEGRALS 679

 TTTTTTTTTTTTTTTTTTTTTTTTTTTTTT INPUT       TELAPSE        1.01 TCPU        0.73

 NEIGHBORS OF THE NON-EQUIVALENT ATOMS

 N = NUMBER OF NEIGHBORS AT DISTANCE R
    ATOM  N     R/ANG      R/AU   NEIGHBORS (ATOM LABELS AND CELL INDICES)
   1 MG   6     2.1141     3.9950    2 O   -1 0 0    2 O    0-1 0    2 O    0 0-1
                                     2 O   -1-1 0    2 O   -1 0-1    2 O    0-1-1
   1 MG  12     2.9898     5.6498    1 MG  -1 0 0    1 MG   1 0 0    1 MG  -1 0 1
                                     1 MG   1 0-1    1 MG  -1 1 0    1 MG   1-1 0
                                     1 MG   0-1 0    1 MG   0 1 0    1 MG   0-1 1
                                     1 MG   0 1-1    1 MG   0 0-1    1 MG   0 0 1
   1 MG   8     3.6617     6.9196    2 O    0 0 0    2 O   -1-1 1    2 O   -1 1-1
                                     2 O    1-1-1    2 O   -2 0 0    2 O    0-2 0
                                     2 O    0 0-2    2 O   -1-1-1
   1 MG   6     4.2281     7.9900    1 MG  -1-1 1    1 MG   1 1-1    1 MG  -1 1-1
                                     1 MG   1-1 1    1 MG  -1 1 1    1 MG   1-1-1
   1 MG  24     4.7272     8.9331    2 O    1 0-1    2 O   -1 0 1    2 O    1-1 0
                                     2 O   -1 1 0    2 O    0 1-1    2 O    0-1 1
                                     2 O   -2 0 1    2 O   -2 1 0    2 O    1 0-2
                                     2 O    1-2 0    2 O    0-2 1    2 O    0 1-2
                                     2 O   -2-1 1    2 O   -2 1-1    2 O   -1-2 1
                                     2 O   -1 1-2    2 O    1-1-2    2 O    1-2-1
                                     2 O   -2-1 0    2 O   -2 0-1    2 O   -1-2 0
                                     2 O   -1 0-2    2 O    0-2-1    2 O    0-1-2
   1 MG  24     5.1784     9.7858    1 MG  -2 0 1    1 MG   2 0-1    1 MG  -2 1 0
                                     1 MG   2-1 0    1 MG  -2 1 1    1 MG   2-1-1
                                     1 MG  -1-1 0    1 MG   1 1 0    1 MG  -1-1 2
                                     1 MG   1 1-2    1 MG  -1 0-1    1 MG   1 0 1
                                     1 MG  -1 0 2    1 MG   1 0-2    1 MG  -1 2-1
                                     1 MG   1-2 1    1 MG  -1 2 0    1 MG   1-2 0
                                     1 MG   0-2 1    1 MG   0 2-1    1 MG   0-1-1
                                     1 MG   0 1 1    1 MG   0-1 2    1 MG   0 1-2

   2 O    6     2.1141     3.9950    1 MG   1 0 0    1 MG   0 1 0    1 MG   0 0 1
                                     1 MG   1 1 0    1 MG   1 0 1    1 MG   0 1 1
   2 O   12     2.9898     5.6498    2 O   -1 0 0    2 O    1 0 0    2 O   -1 0 1
                                     2 O    1 0-1    2 O   -1 1 0    2 O    1-1 0
                                     2 O    0-1 0    2 O    0 1 0    2 O    0-1 1
                                     2 O    0 1-1    2 O    0 0-1    2 O    0 0 1
   2 O    8     3.6617     6.9196    1 MG   0 0 0    1 MG   1 1-1    1 MG   1-1 1
                                     1 MG  -1 1 1    1 MG   2 0 0    1 MG   0 2 0
                                     1 MG   0 0 2    1 MG   1 1 1
   2 O    6     4.2281     7.9900    2 O   -1-1 1    2 O    1 1-1    2 O   -1 1-1
                                     2 O    1-1 1    2 O   -1 1 1    2 O    1-1-1
   2 O   24     4.7272     8.9331    1 MG  -1 0 1    1 MG   1 0-1    1 MG  -1 1 0
                                     1 MG   1-1 0    1 MG   0-1 1    1 MG   0 1-1
                                     1 MG   2 0-1    1 MG   2-1 0    1 MG  -1 0 2
                                     1 MG  -1 2 0    1 MG   0 2-1    1 MG   0-1 2
                                     1 MG   2 1-1    1 MG   2-1 1    1 MG   1 2-1
                                     1 MG   1-1 2    1 MG  -1 1 2    1 MG  -1 2 1
                                     1 MG   2 1 0    1 MG   2 0 1    1 MG   1 2 0
                                     1 MG   1 0 2    1 MG   0 2 1    1 MG   0 1 2
   2 O   24     5.1784     9.7858    2 O   -2 0 1    2 O    2 0-1    2 O   -2 1 0
                                     2 O    2-1 0    2 O   -2 1 1    2 O    2-1-1
                                     2 O   -1-1 0    2 O    1 1 0    2 O   -1-1 2
                                     2 O    1 1-2    2 O   -1 0-1    2 O    1 0 1
                                     2 O   -1 0 2    2 O    1 0-2    2 O   -1 2-1
                                     2 O    1-2 1    2 O   -1 2 0    2 O    1-2 0
                                     2 O    0-2 1    2 O    0 2-1    2 O    0-1-1
                                     2 O    0 1 1    2 O    0-1 2    2 O    0 1-2


 SYMMETRY ALLOWED ELASTIC DISTORTION 1
  0.5773503  0.0000000  0.0000000
  0.0000000  0.5773503  0.0000000
  0.0000000  0.0000000  0.5773503

 THERE ARE NO SYMMETRY ALLOWED DIRECTIONS
 WARNING **** INT_SCREEN **** CELL PARAMETERS OPTIMIZATION ONLY
 TTTTTTTTTTTTTTTTTTTTTTTTTTTTTT SYMM        TELAPSE        1.02 TCPU        0.74
 TTTTTTTTTTTTTTTTTTTTTTTTTTTTTT INT_SCREEN  TELAPSE        1.03 TCPU        0.74

 *******************************************************************************
 *                             OPTIMIZATION STARTS                             *
 *******************************************************************************
 RECLASIFICATION OF INDICES FOR INTEGRAL CALC ACCORDING TO DIFFERENT CRITERIA:
           FIXDELTE                  FIXDELTX              FIXDELTN
          0.10000000E-01           0.80000000                 10
 DEFAULT MAX NUM OF POINTS  100
 *******************************************************************************

 *******************************************************************************
 CELL OPTIMIZATION - POINT    1

 DFT PARAMETERS

     ATOM       ELECTRONS   NET CHARGE   R(ANGSTROM)
   1  12  MG     12.0000      0.0000     1.60000000
   2   8  O       8.0000      0.0000     0.74000000

 SIZE OF GRID=       1296
 TTTTTTTTTTTTTTTTTTTTTTTTTTTTTT MAKE_GRID2  TELAPSE        1.53 TCPU        1.20
 BECKE WEIGHT FUNCTION
 RADSAFE =     2.00
 TOLERANCES - DENSITY:10**- 6; POTENTIAL:10**- 9; GRID WGT:10**-14

 RADIAL INTEGRATION  - INTERVALS (POINTS,UPPER LIMIT):            1( 75,  4.0*R)

 ANGULAR INTEGRATION - INTERVALS (ACCURACY LEVEL [N. POINTS] UPPER LIMIT):
  1(  4[  86]   0.2)  2(  8[ 194]   0.5)  3( 12[ 350]   0.9)  4( 16[ 974]   3.5)
  5( 12[ 350]9999.0)
 TTTTTTTTTTTTTTTTTTTTTTTTTTTTTT INT_CALC    TELAPSE        1.59 TCPU        1.25

 *******************************************************************************
 MGO Bulk - B3LYP/POB-TZVP - Elastic constant calculation - P -12 GPa            
 CRYSTAL - SCF - TYPE OF CALCULATION :  RESTRICTED CLOSED SHELL
 *******************************************************************************

 CAPPA:IS1 12;IS2 12;IS3 12; K PTS MONK NET  72; SYMMOPS:K SPACE  48;G SPACE  48

 TTTTTTTTTTTTTTTTTTTTTTTTTTTTTT SDIK        TELAPSE        1.59 TCPU        1.25

 AAAAAAAAAAAAAAAAAAAAAAAAAAAAAAAAAAAAAAAAAAAAAAAAAAAAAAAAAAAAAAAAAAAAAAAAAAAAAAA
         ATOMIC WAVEFUNCTION(S)


 NUCLEAR CHARGE 12.0  SYMMETRY SPECIES            S    P
 N. ELECTRONS   12.0  NUMBER OF PRIMITIVE GTOS   14    7
                      NUMBER OF CONTRACTED GTOS   5    3
                      NUMBER OF CLOSED SHELLS     3    1
                      OPEN SHELL OCCUPATION       0    0

  ZNUC  SCFIT    TOTAL HF ENERGY   KINETIC ENERGY   VIRIAL THEOREM ACCURACY
  12.0     9    -1.989999721E+02  2.013036186E+02 -1.988556359E+00  4.0E-06

 NUCLEAR CHARGE  8.0  SYMMETRY SPECIES            S    P
 N. ELECTRONS    8.0  NUMBER OF PRIMITIVE GTOS   10    6
                      NUMBER OF CONTRACTED GTOS   4    3
                      NUMBER OF CLOSED SHELLS     2    0
                      OPEN SHELL OCCUPATION       0    4

  ZNUC  SCFIT    TOTAL HF ENERGY   KINETIC ENERGY   VIRIAL THEOREM ACCURACY
   8.0    13    -7.480300557E+01  7.484348361E+01 -1.999459164E+00  4.9E-06

 AAAAAAAAAAAAAAAAAAAAAAAAAAAAAAAAAAAAAAAAAAAAAAAAAAAAAAAAAAAAAAAAAAAAAAAAAAAAAAA

 CHARGE NORMALIZATION FACTOR   0.99999999
 TOTAL ATOMIC CHARGES:
  12.0000001   7.9999999
 TTTTTTTTTTTTTTTTTTTTTTTTTTTTTT MOQGAD      TELAPSE        1.60 TCPU        1.26
 TTTTTTTTTTTTTTTTTTTTTTTTTTTTTT SHELLXN     TELAPSE        6.62 TCPU        6.27
 TTTTTTTTTTTTTTTTTTTTTTTTTTTTTT MONMO3      TELAPSE        6.62 TCPU        6.27
 NUMERICALLY INTEGRATED DENSITY     20.0000239632
 TTTTTTTTTTTTTTTTTTTTTTTTTTTTTT NUMDFT      TELAPSE        6.79 TCPU        6.44
 CYC   0 ETOT(AU) -2.745743528441E+02 DETOT -2.75E+02 tst  0.00E+00 PX  1.00E+00
 TTTTTTTTTTTTTTTTTTTTTTTTTTTTTT DIIS        TELAPSE        6.80 TCPU        6.45
 TTTTTTTTTTTTTTTTTTTTTTTTTTTTTT FDIK        TELAPSE        6.81 TCPU        6.45
 INSULATING STATE
 TOP OF VALENCE BANDS -    BAND     10; K    1; EIG -2.9350937E-01 AU
 BOTTOM OF VIRTUAL BANDS - BAND     11; K   18; EIG  9.0583689E-02 AU
 INDIRECT ENERGY BAND GAP:  10.4517 eV
 BOTTOM OF VIRTUAL BANDS - BAND     11; K    1; EIG  1.4233759E-01 AU
 TTTTTTTTTTTTTTTTTTTTTTTTTTTTTT PDIG        TELAPSE        6.83 TCPU        6.48
 CHARGE NORMALIZATION FACTOR   1.00000000
 TOTAL ATOMIC CHARGES:
  10.1900534   9.8099466
 TTTTTTTTTTTTTTTTTTTTTTTTTTTTTT MOQGAD      TELAPSE        6.83 TCPU        6.48
 TTTTTTTTTTTTTTTTTTTTTTTTTTTTTT SHELLXN     TELAPSE       11.92 TCPU       11.55
 TTTTTTTTTTTTTTTTTTTTTTTTTTTTTT MONMO3      TELAPSE       11.92 TCPU       11.56
 NUMERICALLY INTEGRATED DENSITY     20.0000401093
 TTTTTTTTTTTTTTTTTTTTTTTTTTTTTT NUMDFT      TELAPSE       12.12 TCPU       11.74
 CYC   1 ETOT(AU) -2.752492559028E+02 DETOT -6.75E-01 tst  0.00E+00 PX  1.00E+00
 TTTTTTTTTTTTTTTTTTTTTTTTTTTTTT DIIS        TELAPSE       12.12 TCPU       11.75
 DIIS TEST: 0.15084E+01 AT SCF   CYCLE   1 - MIX   30 %
 TTTTTTTTTTTTTTTTTTTTTTTTTTTTTT FDIK        TELAPSE       12.12 TCPU       11.75
 INSULATING STATE
 TOP OF VALENCE BANDS -    BAND     10; K    1; EIG -3.7597829E-03 AU
 BOTTOM OF VIRTUAL BANDS - BAND     11; K   18; EIG  2.5032754E-01 AU
 INDIRECT ENERGY BAND GAP:   6.9141 eV
 BOTTOM OF VIRTUAL BANDS - BAND     11; K    1; EIG  2.8113796E-01 AU
 TTTTTTTTTTTTTTTTTTTTTTTTTTTTTT PDIG        TELAPSE       12.15 TCPU       11.78
 CHARGE NORMALIZATION FACTOR   1.00000000
 TOTAL ATOMIC CHARGES:
  10.4724505   9.5275495
 TTTTTTTTTTTTTTTTTTTTTTTTTTTTTT MOQGAD      TELAPSE       12.15 TCPU       11.78
 TTTTTTTTTTTTTTTTTTTTTTTTTTTTTT SHELLXN     TELAPSE       17.25 TCPU       16.86
 TTTTTTTTTTTTTTTTTTTTTTTTTTTTTT MONMO3      TELAPSE       17.25 TCPU       16.87
 NUMERICALLY INTEGRATED DENSITY     20.0000670678
 TTTTTTTTTTTTTTTTTTTTTTTTTTTTTT NUMDFT      TELAPSE       17.44 TCPU       17.05
 CYC   2 ETOT(AU) -2.753295965017E+02 DETOT -8.03E-02 tst  5.04E-02 PX  3.70E-01
 TTTTTTTTTTTTTTTTTTTTTTTTTTTTTT DIIS        TELAPSE       17.44 TCPU       17.06
 DIIS TEST: 0.10633E+01 AT SCF   CYCLE   2 - DIIS ACTIVE - HISTORY:     2 CYCLES
 TTTTTTTTTTTTTTTTTTTTTTTTTTTTTT FDIK        TELAPSE       17.45 TCPU       17.06
 INSULATING STATE
 TOP OF VALENCE BANDS -    BAND     10; K    1; EIG -1.7858153E-01 AU
 BOTTOM OF VIRTUAL BANDS - BAND     11; K   18; EIG  1.5089750E-01 AU
 INDIRECT ENERGY BAND GAP:   8.9656 eV
 BOTTOM OF VIRTUAL BANDS - BAND     11; K    1; EIG  1.9346760E-01 AU
 TTTTTTTTTTTTTTTTTTTTTTTTTTTTTT PDIG        TELAPSE       17.47 TCPU       17.09
 CHARGE NORMALIZATION FACTOR   1.00000000
 TOTAL ATOMIC CHARGES:
  10.2718130   9.7281870
 TTTTTTTTTTTTTTTTTTTTTTTTTTTTTT MOQGAD      TELAPSE       17.48 TCPU       17.09
 TTTTTTTTTTTTTTTTTTTTTTTTTTTTTT SHELLXN     TELAPSE       22.57 TCPU       22.17
 TTTTTTTTTTTTTTTTTTTTTTTTTTTTTT MONMO3      TELAPSE       22.57 TCPU       22.18
 NUMERICALLY INTEGRATED DENSITY     20.0000568465
 TTTTTTTTTTTTTTTTTTTTTTTTTTTTTT NUMDFT      TELAPSE       22.76 TCPU       22.37
 CYC   3 ETOT(AU) -2.754622061080E+02 DETOT -1.33E-01 tst  7.20E-03 PX  1.32E-01
 TTTTTTTTTTTTTTTTTTTTTTTTTTTTTT DIIS        TELAPSE       22.76 TCPU       22.37
 DIIS TEST: 0.29325E-02 AT SCF   CYCLE   3 - DIIS ACTIVE - HISTORY:     3 CYCLES
 TTTTTTTTTTTTTTTTTTTTTTTTTTTTTT FDIK        TELAPSE       22.77 TCPU       22.37
 INSULATING STATE
 TOP OF VALENCE BANDS -    BAND     10; K    1; EIG -1.8216897E-01 AU
 BOTTOM OF VIRTUAL BANDS - BAND     11; K   18; EIG  1.5141952E-01 AU
 INDIRECT ENERGY BAND GAP:   9.0774 eV
 BOTTOM OF VIRTUAL BANDS - BAND     11; K    1; EIG  1.9589189E-01 AU
 TTTTTTTTTTTTTTTTTTTTTTTTTTTTTT PDIG        TELAPSE       22.79 TCPU       22.40
 CHARGE NORMALIZATION FACTOR   1.00000000
 TOTAL ATOMIC CHARGES:
  10.2613889   9.7386111
 TTTTTTTTTTTTTTTTTTTTTTTTTTTTTT MOQGAD      TELAPSE       22.80 TCPU       22.40
 TTTTTTTTTTTTTTTTTTTTTTTTTTTTTT SHELLXN     TELAPSE       27.89 TCPU       27.49
 TTTTTTTTTTTTTTTTTTTTTTTTTTTTTT MONMO3      TELAPSE       27.89 TCPU       27.49
 NUMERICALLY INTEGRATED DENSITY     20.0000567726
 TTTTTTTTTTTTTTTTTTTTTTTTTTTTTT NUMDFT      TELAPSE       28.08 TCPU       27.68
 CYC   4 ETOT(AU) -2.754625088983E+02 DETOT -3.03E-04 tst  8.63E-06 PX  1.76E-02
 TTTTTTTTTTTTTTTTTTTTTTTTTTTTTT DIIS        TELAPSE       28.08 TCPU       27.68
 DIIS TEST: 0.30021E-03 AT SCF   CYCLE   4 - DIIS ACTIVE - HISTORY:     4 CYCLES
 TTTTTTTTTTTTTTTTTTTTTTTTTTTTTT FDIK        TELAPSE       28.09 TCPU       27.68
 INSULATING STATE
 TOP OF VALENCE BANDS -    BAND     10; K    1; EIG -1.8529564E-01 AU
 BOTTOM OF VIRTUAL BANDS - BAND     11; K    3; EIG  1.5003832E-01 AU
 INDIRECT ENERGY BAND GAP:   9.1249 eV
 BOTTOM OF VIRTUAL BANDS - BAND     11; K    1; EIG  1.9597601E-01 AU
 TTTTTTTTTTTTTTTTTTTTTTTTTTTTTT PDIG        TELAPSE       28.11 TCPU       27.71
 CHARGE NORMALIZATION FACTOR   1.00000000
 TOTAL ATOMIC CHARGES:
  10.2578045   9.7421955
 TTTTTTTTTTTTTTTTTTTTTTTTTTTTTT MOQGAD      TELAPSE       28.12 TCPU       27.71
 TTTTTTTTTTTTTTTTTTTTTTTTTTTTTT SHELLXN     TELAPSE       33.21 TCPU       32.80
 TTTTTTTTTTTTTTTTTTTTTTTTTTTTTT MONMO3      TELAPSE       33.21 TCPU       32.80
 NUMERICALLY INTEGRATED DENSITY     20.0000566337
 TTTTTTTTTTTTTTTTTTTTTTTTTTTTTT NUMDFT      TELAPSE       33.40 TCPU       32.99
 CYC   5 ETOT(AU) -2.754625439736E+02 DETOT -3.51E-05 tst  2.08E-06 PX  3.40E-03
 TTTTTTTTTTTTTTTTTTTTTTTTTTTTTT DIIS        TELAPSE       33.41 TCPU       32.99
 DIIS TEST: 0.94538E-06 AT SCF   CYCLE   5 - DIIS ACTIVE - HISTORY:     5 CYCLES
 TTTTTTTTTTTTTTTTTTTTTTTTTTTTTT FDIK        TELAPSE       33.41 TCPU       33.00
 INSULATING STATE
 TOP OF VALENCE BANDS -    BAND     10; K    1; EIG -1.8559056E-01 AU
 BOTTOM OF VIRTUAL BANDS - BAND     11; K    3; EIG  1.4986408E-01 AU
 INDIRECT ENERGY BAND GAP:   9.1282 eV
 BOTTOM OF VIRTUAL BANDS - BAND     11; K    1; EIG  1.9647219E-01 AU
 TTTTTTTTTTTTTTTTTTTTTTTTTTTTTT PDIG        TELAPSE       33.44 TCPU       33.02
 CHARGE NORMALIZATION FACTOR   1.00000000
 TOTAL ATOMIC CHARGES:
  10.2575339   9.7424661
 TTTTTTTTTTTTTTTTTTTTTTTTTTTTTT MOQGAD      TELAPSE       33.44 TCPU       33.02
 TTTTTTTTTTTTTTTTTTTTTTTTTTTTTT SHELLXN     TELAPSE       38.53 TCPU       38.11
 TTTTTTTTTTTTTTTTTTTTTTTTTTTTTT MONMO3      TELAPSE       38.53 TCPU       38.11
 NUMERICALLY INTEGRATED DENSITY     20.0000566265
 TTTTTTTTTTTTTTTTTTTTTTTTTTTTTT NUMDFT      TELAPSE       38.72 TCPU       38.30
 CYC   6 ETOT(AU) -2.754625436205E+02 DETOT  3.53E-07 tst  1.62E-07 PX  1.30E-03
 TTTTTTTTTTTTTTTTTTTTTTTTTTTTTT DIIS        TELAPSE       38.73 TCPU       38.30
 DIIS TEST: 0.36139E-06 AT SCF   CYCLE   6 - DIIS ACTIVE - HISTORY:     6 CYCLES
 TTTTTTTTTTTTTTTTTTTTTTTTTTTTTT FDIK        TELAPSE       38.73 TCPU       38.31
 INSULATING STATE
 TOP OF VALENCE BANDS -    BAND     10; K    1; EIG -1.8548184E-01 AU
 BOTTOM OF VIRTUAL BANDS - BAND     11; K    3; EIG  1.4996502E-01 AU
 INDIRECT ENERGY BAND GAP:   9.1280 eV
 BOTTOM OF VIRTUAL BANDS - BAND     11; K    1; EIG  1.9707963E-01 AU
 TTTTTTTTTTTTTTTTTTTTTTTTTTTTTT PDIG        TELAPSE       38.75 TCPU       38.33
 CHARGE NORMALIZATION FACTOR   1.00000000
 TOTAL ATOMIC CHARGES:
  10.2576219   9.7423781
 TTTTTTTTTTTTTTTTTTTTTTTTTTTTTT MOQGAD      TELAPSE       38.76 TCPU       38.33
 TTTTTTTTTTTTTTTTTTTTTTTTTTTTTT SHELLXN     TELAPSE       43.85 TCPU       43.42
 TTTTTTTTTTTTTTTTTTTTTTTTTTTTTT MONMO3      TELAPSE       43.85 TCPU       43.42
 NUMERICALLY INTEGRATED DENSITY     20.0000566299
 TTTTTTTTTTTTTTTTTTTTTTTTTTTTTT NUMDFT      TELAPSE       44.04 TCPU       43.61
 CYC   7 ETOT(AU) -2.754625433558E+02 DETOT  2.65E-07 tst  4.92E-08 PX  1.03E-03
 TTTTTTTTTTTTTTTTTTTTTTTTTTTTTT DIIS        TELAPSE       44.05 TCPU       43.61
 DIIS TEST: 0.21194E-06 AT SCF   CYCLE   7 - DIIS ACTIVE - HISTORY:     7 CYCLES
 TTTTTTTTTTTTTTTTTTTTTTTTTTTTTT FDIK        TELAPSE       44.05 TCPU       43.62
 INSULATING STATE
 TOP OF VALENCE BANDS -    BAND     10; K    1; EIG -1.8547696E-01 AU
 BOTTOM OF VIRTUAL BANDS - BAND     11; K    3; EIG  1.4997826E-01 AU
 INDIRECT ENERGY BAND GAP:   9.1282 eV
 BOTTOM OF VIRTUAL BANDS - BAND     11; K    1; EIG  1.9732892E-01 AU
 TTTTTTTTTTTTTTTTTTTTTTTTTTTTTT PDIG        TELAPSE       44.08 TCPU       43.64
 CHARGE NORMALIZATION FACTOR   1.00000000
 TOTAL ATOMIC CHARGES:
  10.2576317   9.7423683
 TTTTTTTTTTTTTTTTTTTTTTTTTTTTTT MOQGAD      TELAPSE       44.08 TCPU       43.64
 TTTTTTTTTTTTTTTTTTTTTTTTTTTTTT SHELLXN     TELAPSE       49.17 TCPU       48.73
 TTTTTTTTTTTTTTTTTTTTTTTTTTTTTT MONMO3      TELAPSE       49.17 TCPU       48.73
 NUMERICALLY INTEGRATED DENSITY     20.0000566303
 TTTTTTTTTTTTTTTTTTTTTTTTTTTTTT NUMDFT      TELAPSE       49.36 TCPU       48.92
 CYC   8 ETOT(AU) -2.754625432373E+02 DETOT  1.19E-07 tst  1.82E-08 PX  4.13E-04
 TTTTTTTTTTTTTTTTTTTTTTTTTTTTTT DIIS        TELAPSE       49.37 TCPU       48.92
 DIIS TEST: 0.37276E-07 AT SCF   CYCLE   8 - DIIS ACTIVE - HISTORY:     8 CYCLES
 TTTTTTTTTTTTTTTTTTTTTTTTTTTTTT FDIK        TELAPSE       49.37 TCPU       48.93
 INSULATING STATE
 TOP OF VALENCE BANDS -    BAND     10; K    1; EIG -1.8549024E-01 AU
 BOTTOM OF VIRTUAL BANDS - BAND     11; K    3; EIG  1.4998505E-01 AU
 INDIRECT ENERGY BAND GAP:   9.1288 eV
 BOTTOM OF VIRTUAL BANDS - BAND     11; K    1; EIG  1.9765285E-01 AU
 TTTTTTTTTTTTTTTTTTTTTTTTTTTTTT PDIG        TELAPSE       49.40 TCPU       48.95
 CHARGE NORMALIZATION FACTOR   1.00000000
 TOTAL ATOMIC CHARGES:
  10.2576266   9.7423734
 TTTTTTTTTTTTTTTTTTTTTTTTTTTTTT MOQGAD      TELAPSE       49.40 TCPU       48.95
 TTTTTTTTTTTTTTTTTTTTTTTTTTTTTT SHELLXN     TELAPSE       54.49 TCPU       54.04
 TTTTTTTTTTTTTTTTTTTTTTTTTTTTTT MONMO3      TELAPSE       54.50 TCPU       54.04
 NUMERICALLY INTEGRATED DENSITY     20.0000566302
 TTTTTTTTTTTTTTTTTTTTTTTTTTTTTT NUMDFT      TELAPSE       54.69 TCPU       54.23
 CYC   9 ETOT(AU) -2.754625430882E+02 DETOT  1.49E-07 tst  3.06E-08 PX  4.89E-04
 TTTTTTTTTTTTTTTTTTTTTTTTTTTTTT DIIS        TELAPSE       54.69 TCPU       54.23
 DIIS TEST: 0.50940E-07 AT SCF   CYCLE   9 - DIIS ACTIVE - HISTORY:     9 CYCLES
 TTTTTTTTTTTTTTTTTTTTTTTTTTTTTT FDIK        TELAPSE       54.69 TCPU       54.24
 INSULATING STATE
 TOP OF VALENCE BANDS -    BAND     10; K    1; EIG -1.8549012E-01 AU
 BOTTOM OF VIRTUAL BANDS - BAND     11; K    3; EIG  1.4998486E-01 AU
 INDIRECT ENERGY BAND GAP:   9.1287 eV
 BOTTOM OF VIRTUAL BANDS - BAND     11; K    1; EIG  1.9764785E-01 AU
 TTTTTTTTTTTTTTTTTTTTTTTTTTTTTT PDIG        TELAPSE       54.72 TCPU       54.26
 CHARGE NORMALIZATION FACTOR   1.00000000
 TOTAL ATOMIC CHARGES:
  10.2576244   9.7423756
 TTTTTTTTTTTTTTTTTTTTTTTTTTTTTT MOQGAD      TELAPSE       54.72 TCPU       54.27
 TTTTTTTTTTTTTTTTTTTTTTTTTTTTTT SHELLXN     TELAPSE       59.81 TCPU       59.35
 TTTTTTTTTTTTTTTTTTTTTTTTTTTTTT MONMO3      TELAPSE       59.82 TCPU       59.35
 NUMERICALLY INTEGRATED DENSITY     20.0000566303
 TTTTTTTTTTTTTTTTTTTTTTTTTTTTTT NUMDFT      TELAPSE       60.01 TCPU       59.54
 CYC  10 ETOT(AU) -2.754625430795E+02 DETOT  8.68E-09 tst  5.37E-09 PX  9.04E-05
 TTTTTTTTTTTTTTTTTTTTTTTTTTTTTT DIIS        TELAPSE       60.01 TCPU       59.55
 DIIS TEST: 0.45392E-08 AT SCF   CYCLE  10 - DIIS ACTIVE - HISTORY:    10 CYCLES
 TTTTTTTTTTTTTTTTTTTTTTTTTTTTTT FDIK        TELAPSE       60.02 TCPU       59.55
 INSULATING STATE
 TOP OF VALENCE BANDS -    BAND     10; K    1; EIG -1.8550432E-01 AU
 BOTTOM OF VIRTUAL BANDS - BAND     11; K    3; EIG  1.4999890E-01 AU
 INDIRECT ENERGY BAND GAP:   9.1295 eV
 BOTTOM OF VIRTUAL BANDS - BAND     11; K    1; EIG  1.9806364E-01 AU
 TTTTTTTTTTTTTTTTTTTTTTTTTTTTTT PDIG        TELAPSE       60.04 TCPU       59.58
 CHARGE NORMALIZATION FACTOR   1.00000000
 TOTAL ATOMIC CHARGES:
  10.2576160   9.7423840
 TTTTTTTTTTTTTTTTTTTTTTTTTTTTTT MOQGAD      TELAPSE       60.04 TCPU       59.58
 TTTTTTTTTTTTTTTTTTTTTTTTTTTTTT SHELLXN     TELAPSE       65.14 TCPU       64.66
 +++ ENERGIES IN A.U. +++
 ::: EXT EL-POLE                                  -5.3631427808686E+02
 ::: EXT EL-SPHEROPOLE                             4.3055769404845E+00
 ::: BIELET ZONE E-E                               5.9836864351552E+02
 ::: TOTAL E-E                                     6.6359942369151E+01
 ::: TOTAL E-N + N-E                              -5.2326537407570E+02
 ::: TOTAL N-N                                    -7.2770633517782E+01
 ::: KINETIC ENERGY                                2.7458112008890E+02
 ::: PSEUDO TOTAL   ENERGY                        -2.5509494513543E+02
 ::: VIRIAL COEFFICIENT                            1.0367888530988E+00
 TTTTTTTTTTTTTTTTTTTTTTTTTTTTTT MONMO3      TELAPSE       65.14 TCPU       64.67
 NUMERICALLY INTEGRATED DENSITY     20.0000566301
 EXCHANGE ENERGY: -0.194390383774E+02  CORRELATION ENERGY: -0.928559412408E+00
 TTTTTTTTTTTTTTTTTTTTTTTTTTTTTT NUMDFT      TELAPSE       65.33 TCPU       64.86
 CYC  11 ETOT(AU) -2.754625429253E+02 DETOT  1.54E-07 tst  4.01E-08 PX  9.04E-05

 == SCF ENDED - CONVERGENCE ON ENERGY      E(AU) -2.7546254292527E+02 CYCLES  11


 ENERGY EXPRESSION=HARTREE+FOCK EXCH*0.20000+(BECKE      EXCH)*0.80000+LYP        CORR


 TOTAL ENERGY(DFT)(AU)( 11) -2.7546254292527E+02 DE 1.5E-07 tester 4.0E-08
 TTTTTTTTTTTTTTTTTTTTTTTTTTTTTT EDFT        TELAPSE       65.33 TCPU       64.86

 *******************************************************************************
 *                             FORCE CALCULATION                               *
 *******************************************************************************

 TTTTTTTTTTTTTTTTTTTTTTTTTTTTTT NUMDFG      TELAPSE       67.34 TCPU       66.86
 INFORMATION **** EXCPOG **** EXCH. BIPO BUFFER LENGTH (WORDS) =     2245860
 INFORMATION **** GENPOG **** BIPO BUFFER LENGTH (WORDS) =      348500
 TTTTTTTTTTTTTTTTTTTTTTTTTTTTTT SHELXG      TELAPSE      111.96 TCPU      111.45

 CARTESIAN FORCES IN HARTREE/BOHR (ANALYTICAL)
   ATOM                     X                   Y                   Z
   1  12             4.073664750359E-16  4.468601841248E-16  5.793983520110E-16
   2   8            -4.027405457666E-16 -4.514861133941E-16 -5.793983520110E-16

 RESULTANT FORCE     4.625929269272E-18 -4.625929269272E-18  9.860761315263E-32

 ATOMIC PART

 THERE ARE NO SYMMETRY ALLOWED DIRECTIONS

 CELL PART

 GRADIENT WITH RESPECT TO THE CELL PARAMETER IN HARTREE/BOHR
ORDER: -D/DA1X, -D/DA1Y, -D/DA1Z
       -D/DA2X, -D/DA2Y, -D/DA2Z
       -D/DA3X, -D/DA3Y, -D/DA3Z
 -0.374060323262E-05  0.374060323381E-05  0.374060323233E-05
  0.374060323262E-05 -0.374060323277E-05  0.374060323321E-05
  0.374060323321E-05  0.374060323262E-05 -0.374060323262E-05

STRESS TENSOR, IN HARTREE/BOHR^3:
ORDER: 11 12 13
       21 22 23
       31 32 33
 -0.234371128733E-06 -0.185498844779E-16  0.827916833011E-23
  0.463747030214E-17 -0.234371128752E-06 -0.324623284964E-16
 -0.185498906913E-16  0.927494142281E-17 -0.234371128724E-06

PRESSURE FROM THE STRESS TENSOR,
IN HARTREE/BOHR^3:  0.23437E-06
PRESSURE IN GIGAPASCAL:  0.6895E-02
CONVERSION FACTOR: 1 HARTREE/BOHR^3= 29421 GIGAPASCAL
WHEN USING VALUES FOR BOHR RADIUS AND HARTREE
FROM IUPAC WEBSITE, APRIL 2009
ENTHALPY: -2.7546251303772E+02
NOW EXTERNAL STRESS TAKEN INTO ACCOUNT

GRADIENT WITH RESPECT TO THE CELL PARAMETER IN HARTREE/BOHR,
AFTER ADDING EXTERNAL STRESS
ORDER: -D/DA1X, -D/DA1Y, -D/DA1Z
       -D/DA2X, -D/DA2Y, -D/DA2Z
       -D/DA3X, -D/DA3Y, -D/DA3Z
 -0.651324443741E-02  0.651324443741E-02  0.651324443741E-02
  0.651324443741E-02 -0.651324443741E-02  0.651324443741E-02
  0.651324443741E-02  0.651324443741E-02 -0.651324443741E-02


 SYMMETRY ALLOWED FORCES (ANALYTICAL) (DIRECTION, FORCE)

    1  9.0137761E-02
 TTTTTTTTTTTTTTTTTTTTTTTTTTTTTT TOTGRA      TELAPSE      112.06 TCPU      111.54

 TOTAL ENERGY CORRECTED: EXTERNAL STRESS CONTRIBUTION =   -0.520E-01
 INFORMATION **** optc001 **** GEOMETRY OUTPUT FILE
 CLASSICAL MODEL (SCHLEGEL) USED AS INITIAL HESSIAN MATRIX
 REFERENCE GEOMETRY DEFINED

 MAX GRADIENT      0.090138  THRESHOLD              0.000450 CONVERGED NO
 RMS GRADIENT      0.090138  THRESHOLD              0.000300 CONVERGED NO

 GRADIENT NORM     0.090138  GRADIENT THRESHOLD     0.500000

 EIGENVALUES OF THE ESTIMATED HESSIAN
   2.779    

 INITIAL TRUST RADIUS    0.5000000000E+00

 PREDICTED ENERGY CHANGE    -0.146E-02

 INITIAL DISPLACEMENTS
  0.032437
 TTTTTTTTTTTTTTTTTTTTTTTTTTTTTT OPTI        TELAPSE      112.06 TCPU      111.55

 OPTOPTOPTOPTOPTOPTOPTOPTOPTOPTOPTOPTOPTOPTOPTOPTOPTOPTOPTOPTOPTOPTOPTOPTOPTOPT

 - INFORMATION ON SCF MOVED TO SCFOUT.LOG
 GEOMETRY OPTIMIZATION INFORMATION STORED IN OPTINFO.DAT

 OPTOPTOPTOPTOPTOPTOPTOPTOPTOPTOPTOPTOPTOPTOPTOPTOPTOPTOPTOPTOPTOPTOPTOPTOPTOPT
 *******************************************************************************
 CELL OPTIMIZATION - POINT    2
 *******************************************************************************
 LATTICE PARAMETERS (ANGSTROMS AND DEGREES) - BOHR = 0.5291772083 ANGSTROM
 PRIMITIVE CELL - CENTRING CODE 5/0 VOLUME=    19.978549 - DENSITY  3.323 g/cm^3
         A              B              C           ALPHA      BETA       GAMMA 
     3.04574106     3.04574106     3.04574106    60.000000  60.000000  60.000000
 *******************************************************************************
 ATOMS IN THE ASYMMETRIC UNIT    2 - ATOMS IN THE UNIT CELL:    2
     ATOM                 X/A                 Y/B                 Z/C    
 *******************************************************************************
      1 T  12 MG    0.000000000000E+00  0.000000000000E+00  0.000000000000E+00
      2 T   8 O     5.000000000000E-01 -5.000000000000E-01 -5.000000000000E-01

 TRANSFORMATION MATRIX PRIMITIVE-CRYSTALLOGRAPHIC CELL
 -1.0000  1.0000  1.0000  1.0000 -1.0000  1.0000  1.0000  1.0000 -1.0000

 *******************************************************************************
 CRYSTALLOGRAPHIC CELL (VOLUME=         79.91419444)
         A              B              C           ALPHA      BETA       GAMMA 
     4.30732831     4.30732831     4.30732831    90.000000  90.000000  90.000000

 COORDINATES IN THE CRYSTALLOGRAPHIC CELL
     ATOM                 X/A                 Y/B                 Z/C    
 *******************************************************************************
      1 T  12 MG    0.000000000000E+00  0.000000000000E+00  0.000000000000E+00
      2 T   8 O     5.000000000000E-01 -5.000000000000E-01 -5.000000000000E-01

 T = ATOM BELONGING TO THE ASYMMETRIC UNIT

 TOTAL ENERGY CORRECTED: EXTERNAL STRESS CONTRIBUTION =   -0.550E-01

 TOTAL ENERGY(DFT)(AU)( 14) -2.7551645138116E+02     DE (AU)   -1.897E-03

 UPDATED TRUST RADIUS     0.100E+01

 SYMMETRY ALLOWED FORCES  (COORDINATE, FORCE)

    1  2.8580703E-02

 GRADIENT NORM     0.028581  GRADIENT THRESHOLD     0.500000

 EIGENVALUES OF THE ESTIMATED HESSIAN
   1.898    

 PREDICTED ENERGY CHANGE    -0.215E-03

 MAX GRADIENT      0.028581  THRESHOLD              0.000450 CONVERGED NO
 RMS GRADIENT      0.028581  THRESHOLD              0.000300 CONVERGED NO
 MAX DISPLAC.      0.015060  THRESHOLD              0.000930 CONVERGED NO
 RMS DISPLAC.      0.015060  THRESHOLD              0.000620 CONVERGED NO
 TTTTTTTTTTTTTTTTTTTTTTTTTTTTTT OPTI        TELAPSE      266.54 TCPU      236.23
 *******************************************************************************
 CELL OPTIMIZATION - POINT    3
 *******************************************************************************
 LATTICE PARAMETERS (ANGSTROMS AND DEGREES) - BOHR = 0.5291772083 ANGSTROM
 PRIMITIVE CELL - CENTRING CODE 5/0 VOLUME=    20.504243 - DENSITY  3.238 g/cm^3
         A              B              C           ALPHA      BETA       GAMMA 
     3.07222427     3.07222427     3.07222427    60.000000  60.000000  60.000000
 *******************************************************************************
 ATOMS IN THE ASYMMETRIC UNIT    2 - ATOMS IN THE UNIT CELL:    2
     ATOM                 X/A                 Y/B                 Z/C    
 *******************************************************************************
      1 T  12 MG    0.000000000000E+00  0.000000000000E+00  0.000000000000E+00
      2 T   8 O    -5.000000000000E-01 -5.000000000000E-01 -5.000000000000E-01

 TRANSFORMATION MATRIX PRIMITIVE-CRYSTALLOGRAPHIC CELL
 -1.0000  1.0000  1.0000  1.0000 -1.0000  1.0000  1.0000  1.0000 -1.0000

 *******************************************************************************
 CRYSTALLOGRAPHIC CELL (VOLUME=         82.01697369)
         A              B              C           ALPHA      BETA       GAMMA 
     4.34478123     4.34478123     4.34478123    90.000000  90.000000  90.000000

 COORDINATES IN THE CRYSTALLOGRAPHIC CELL
     ATOM                 X/A                 Y/B                 Z/C    
 *******************************************************************************
      1 T  12 MG    0.000000000000E+00  0.000000000000E+00  0.000000000000E+00
      2 T   8 O    -5.000000000000E-01 -5.000000000000E-01 -5.000000000000E-01

 T = ATOM BELONGING TO THE ASYMMETRIC UNIT

 TOTAL ENERGY CORRECTED: EXTERNAL STRESS CONTRIBUTION =   -0.564E-01

 TOTAL ENERGY(DFT)(AU)( 12) -2.7551668463830E+02     DE (AU)   -2.333E-04

 UPDATED TRUST RADIUS     0.200E+01

 SYMMETRY ALLOWED FORCES  (COORDINATE, FORCE)

    1  2.2425596E-03

 GRADIENT NORM     0.002243  GRADIENT THRESHOLD     0.500000

 EIGENVALUES OF THE ESTIMATED HESSIAN
   1.749    

 PREDICTED ENERGY CHANGE    -0.144E-05

 MAX GRADIENT      0.002243  THRESHOLD              0.000450 CONVERGED NO
 RMS GRADIENT      0.002243  THRESHOLD              0.000300 CONVERGED NO
 MAX DISPLAC.      0.001282  THRESHOLD              0.000930 CONVERGED NO
 RMS DISPLAC.      0.001282  THRESHOLD              0.000620 CONVERGED NO
 TTTTTTTTTTTTTTTTTTTTTTTTTTTTTT OPTI        TELAPSE      404.64 TCPU      350.29
 *******************************************************************************
 CELL OPTIMIZATION - POINT    4
 *******************************************************************************
 LATTICE PARAMETERS (ANGSTROMS AND DEGREES) - BOHR = 0.5291772083 ANGSTROM
 PRIMITIVE CELL - CENTRING CODE 5/0 VOLUME=    20.549818 - DENSITY  3.231 g/cm^3
         A              B              C           ALPHA      BETA       GAMMA 
     3.07449879     3.07449879     3.07449879    60.000000  60.000000  60.000000
 *******************************************************************************
 ATOMS IN THE ASYMMETRIC UNIT    2 - ATOMS IN THE UNIT CELL:    2
     ATOM                 X/A                 Y/B                 Z/C    
 *******************************************************************************
      1 T  12 MG    0.000000000000E+00  0.000000000000E+00  0.000000000000E+00
      2 T   8 O    -5.000000000000E-01 -5.000000000000E-01 -5.000000000000E-01

 TRANSFORMATION MATRIX PRIMITIVE-CRYSTALLOGRAPHIC CELL
 -1.0000  1.0000  1.0000  1.0000 -1.0000  1.0000  1.0000  1.0000 -1.0000

 *******************************************************************************
 CRYSTALLOGRAPHIC CELL (VOLUME=         82.19927216)
         A              B              C           ALPHA      BETA       GAMMA 
     4.34799788     4.34799788     4.34799788    90.000000  90.000000  90.000000

 COORDINATES IN THE CRYSTALLOGRAPHIC CELL
     ATOM                 X/A                 Y/B                 Z/C    
 *******************************************************************************
      1 T  12 MG    0.000000000000E+00  0.000000000000E+00  0.000000000000E+00
      2 T   8 O    -5.000000000000E-01 -5.000000000000E-01 -5.000000000000E-01

 T = ATOM BELONGING TO THE ASYMMETRIC UNIT

 TOTAL ENERGY CORRECTED: EXTERNAL STRESS CONTRIBUTION =   -0.566E-01

 TOTAL ENERGY(DFT)(AU)(  5) -2.7551668646721E+02     DE (AU)   -1.829E-06

 UPDATED TRUST RADIUS     0.400E+01

 SYMMETRY ALLOWED FORCES  (COORDINATE, FORCE)

    1  6.2674005E-05

 GRADIENT NORM     0.000063  GRADIENT THRESHOLD     0.500000

 EIGENVALUES OF THE ESTIMATED HESSIAN
   1.700    

 PREDICTED ENERGY CHANGE    -0.116E-08

 MAX GRADIENT      0.000063  THRESHOLD              0.000450 CONVERGED YES
 RMS GRADIENT      0.000063  THRESHOLD              0.000300 CONVERGED YES
 MAX DISPLAC.      0.000037  THRESHOLD              0.000930 CONVERGED YES
 RMS DISPLAC.      0.000037  THRESHOLD              0.000620 CONVERGED YES

 CONVERGENCE TESTS SATISFIED AFTER   4 ENERGY AND GRADIENT CALCULATIONS
 +++++++++++++++++++++++++++++++++++++++++++++++++++++++++++++++++++++++++++++++
 FINALRUN OPTION: RE-STARTING OPTIMIZATION
 +++++++++++++++++++++++++++++++++++++++++++++++++++++++++++++++++++++++++++++++
 TTTTTTTTTTTTTTTTTTTTTTTTTTTTTT OPTI        TELAPSE      497.71 TCPU      428.18
 *******************************************************************************
 CELL OPTIMIZATION - POINT    5
 *******************************************************************************
 LATTICE PARAMETERS (ANGSTROMS AND DEGREES) - BOHR = 0.5291772083 ANGSTROM
 PRIMITIVE CELL - CENTRING CODE 5/0 VOLUME=    20.551130 - DENSITY  3.230 g/cm^3
         A              B              C           ALPHA      BETA       GAMMA 
     3.07456423     3.07456423     3.07456423    60.000000  60.000000  60.000000
 *******************************************************************************
 ATOMS IN THE ASYMMETRIC UNIT    2 - ATOMS IN THE UNIT CELL:    2
     ATOM                 X/A                 Y/B                 Z/C    
 *******************************************************************************
      1 T  12 MG    0.000000000000E+00  0.000000000000E+00  0.000000000000E+00
      2 T   8 O     5.000000000000E-01  5.000000000000E-01  5.000000000000E-01

 TRANSFORMATION MATRIX PRIMITIVE-CRYSTALLOGRAPHIC CELL
 -1.0000  1.0000  1.0000  1.0000 -1.0000  1.0000  1.0000  1.0000 -1.0000

 *******************************************************************************
 CRYSTALLOGRAPHIC CELL (VOLUME=         82.20452131)
         A              B              C           ALPHA      BETA       GAMMA 
     4.34809043     4.34809043     4.34809043    90.000000  90.000000  90.000000

 COORDINATES IN THE CRYSTALLOGRAPHIC CELL
     ATOM                 X/A                 Y/B                 Z/C    
 *******************************************************************************
      1 T  12 MG    0.000000000000E+00  0.000000000000E+00  0.000000000000E+00
      2 T   8 O     5.000000000000E-01  5.000000000000E-01  5.000000000000E-01

 T = ATOM BELONGING TO THE ASYMMETRIC UNIT

 REFERENCE GEOMETRY WILL BE CHANGED

 TOTAL ENERGY CORRECTED: EXTERNAL STRESS CONTRIBUTION =   -0.566E-01

 TOTAL ENERGY(DFT)(AU)( 17) -2.7551659775781E+02     DE (AU)    8.871E-05

 SYMMETRY ALLOWED FORCES  (COORDINATE, FORCE)

    1 -2.5510321E-04

 GRADIENT NORM     0.000255  GRADIENT THRESHOLD     0.500000

 HESSIAN UPDATE SKIPPED

 EIGENVALUES OF THE ESTIMATED HESSIAN
   1.700    

 PREDICTED ENERGY CHANGE    -0.191E-07

 MAX GRADIENT      0.000255  THRESHOLD              0.000450 CONVERGED YES
 RMS GRADIENT      0.000255  THRESHOLD              0.000300 CONVERGED YES
 MAX DISPLAC.      0.000150  THRESHOLD              0.000930 CONVERGED YES
 RMS DISPLAC.      0.000150  THRESHOLD              0.000620 CONVERGED YES

 CONVERGENCE TESTS SATISFIED AFTER   5 ENERGY AND GRADIENT CALCULATIONS

 ******************************************************************
 * OPT END - CONVERGED * E(AU):  -2.755165977578E+02  POINTS    5 *
 ******************************************************************

   BAND GAP:                      8.5337  eV 

 EIGENVECTORS IN FORTRAN UNIT 10

 NEIGHBORS OF THE NON-EQUIVALENT ATOMS

 N = NUMBER OF NEIGHBORS AT DISTANCE R
    ATOM  N     R/ANG      R/AU   NEIGHBORS (ATOM LABELS AND CELL INDICES)
   1 MG   6     2.1740     4.1084    2 O   -1 0 0    2 O    0-1 0    2 O    0 0-1
                                     2 O   -1-1 0    2 O   -1 0-1    2 O    0-1-1
   1 MG  12     3.0746     5.8101    1 MG  -1 0 0    1 MG   1 0 0    1 MG  -1 0 1
                                     1 MG   1 0-1    1 MG  -1 1 0    1 MG   1-1 0
                                     1 MG   0-1 0    1 MG   0 1 0    1 MG   0-1 1
                                     1 MG   0 1-1    1 MG   0 0-1    1 MG   0 0 1
   1 MG   8     3.7656     7.1159    2 O    0 0 0    2 O   -1-1 1    2 O   -1 1-1
                                     2 O    1-1-1    2 O   -2 0 0    2 O    0-2 0
                                     2 O    0 0-2    2 O   -1-1-1
   1 MG   6     4.3481     8.2167    1 MG  -1-1 1    1 MG   1 1-1    1 MG  -1 1-1
                                     1 MG   1-1 1    1 MG  -1 1 1    1 MG   1-1-1
   1 MG  24     4.8613     9.1866    2 O    1 0-1    2 O   -1 0 1    2 O    1-1 0
                                     2 O   -1 1 0    2 O    0 1-1    2 O    0-1 1
                                     2 O   -2 0 1    2 O   -2 1 0    2 O    1 0-2
                                     2 O    1-2 0    2 O    0-2 1    2 O    0 1-2
                                     2 O   -2-1 1    2 O   -2 1-1    2 O   -1-2 1
                                     2 O   -1 1-2    2 O    1-1-2    2 O    1-2-1
                                     2 O   -2-1 0    2 O   -2 0-1    2 O   -1-2 0
                                     2 O   -1 0-2    2 O    0-2-1    2 O    0-1-2
   1 MG  24     5.3253    10.0634    1 MG  -2 0 1    1 MG   2 0-1    1 MG  -2 1 0
                                     1 MG   2-1 0    1 MG  -2 1 1    1 MG   2-1-1
                                     1 MG  -1-1 0    1 MG   1 1 0    1 MG  -1-1 2
                                     1 MG   1 1-2    1 MG  -1 0-1    1 MG   1 0 1
                                     1 MG  -1 0 2    1 MG   1 0-2    1 MG  -1 2-1
                                     1 MG   1-2 1    1 MG  -1 2 0    1 MG   1-2 0
                                     1 MG   0-2 1    1 MG   0 2-1    1 MG   0-1-1
                                     1 MG   0 1 1    1 MG   0-1 2    1 MG   0 1-2

   2 O    6     2.1740     4.1084    1 MG   1 0 0    1 MG   0 1 0    1 MG   0 0 1
                                     1 MG   1 1 0    1 MG   1 0 1    1 MG   0 1 1
   2 O   12     3.0746     5.8101    2 O   -1 0 0    2 O    1 0 0    2 O   -1 0 1
                                     2 O    1 0-1    2 O   -1 1 0    2 O    1-1 0
                                     2 O    0-1 0    2 O    0 1 0    2 O    0-1 1
                                     2 O    0 1-1    2 O    0 0-1    2 O    0 0 1
   2 O    8     3.7656     7.1159    1 MG   0 0 0    1 MG   1 1-1    1 MG   1-1 1
                                     1 MG  -1 1 1    1 MG   2 0 0    1 MG   0 2 0
                                     1 MG   0 0 2    1 MG   1 1 1
   2 O    6     4.3481     8.2167    2 O   -1-1 1    2 O    1 1-1    2 O   -1 1-1
                                     2 O    1-1 1    2 O   -1 1 1    2 O    1-1-1
   2 O   24     4.8613     9.1866    1 MG  -1 0 1    1 MG   1 0-1    1 MG  -1 1 0
                                     1 MG   1-1 0    1 MG   0-1 1    1 MG   0 1-1
                                     1 MG   2 0-1    1 MG   2-1 0    1 MG  -1 0 2
                                     1 MG  -1 2 0    1 MG   0 2-1    1 MG   0-1 2
                                     1 MG   2 1-1    1 MG   2-1 1    1 MG   1 2-1
                                     1 MG   1-1 2    1 MG  -1 1 2    1 MG  -1 2 1
                                     1 MG   2 1 0    1 MG   2 0 1    1 MG   1 2 0
                                     1 MG   1 0 2    1 MG   0 2 1    1 MG   0 1 2
   2 O   24     5.3253    10.0634    2 O   -2 0 1    2 O    2 0-1    2 O   -2 1 0
                                     2 O    2-1 0    2 O   -2 1 1    2 O    2-1-1
                                     2 O   -1-1 0    2 O    1 1 0    2 O   -1-1 2
                                     2 O    1 1-2    2 O   -1 0-1    2 O    1 0 1
                                     2 O   -1 0 2    2 O    1 0-2    2 O   -1 2-1
                                     2 O    1-2 1    2 O   -1 2 0    2 O    1-2 0
                                     2 O    0-2 1    2 O    0 2-1    2 O    0-1-1
                                     2 O    0 1 1    2 O    0-1 2    2 O    0 1-2


 FINAL OPTIMIZED GEOMETRY - DIMENSIONALITY OF THE SYSTEM      3
 (NON PERIODIC DIRECTION: LATTICE PARAMETER FORMALLY SET TO 500)
 *******************************************************************************
 LATTICE PARAMETERS (ANGSTROMS AND DEGREES) - BOHR = 0.5291772083 ANGSTROM
 PRIMITIVE CELL - CENTRING CODE 5/0 VOLUME=    20.551130 - DENSITY  3.230 g/cm^3
         A              B              C           ALPHA      BETA       GAMMA 
     3.07456423     3.07456423     3.07456423    60.000000  60.000000  60.000000
 *******************************************************************************
 ATOMS IN THE ASYMMETRIC UNIT    2 - ATOMS IN THE UNIT CELL:    2
     ATOM                 X/A                 Y/B                 Z/C    
 *******************************************************************************
      1 T  12 MG    0.000000000000E+00  0.000000000000E+00  0.000000000000E+00
      2 T   8 O     5.000000000000E-01  5.000000000000E-01  5.000000000000E-01

 TRANSFORMATION MATRIX PRIMITIVE-CRYSTALLOGRAPHIC CELL
 -1.0000  1.0000  1.0000  1.0000 -1.0000  1.0000  1.0000  1.0000 -1.0000

 *******************************************************************************
 CRYSTALLOGRAPHIC CELL (VOLUME=         82.20452131)
         A              B              C           ALPHA      BETA       GAMMA 
     4.34809043     4.34809043     4.34809043    90.000000  90.000000  90.000000

 COORDINATES IN THE CRYSTALLOGRAPHIC CELL
     ATOM                 X/A                 Y/B                 Z/C    
 *******************************************************************************
      1 T  12 MG    0.000000000000E+00  0.000000000000E+00  0.000000000000E+00
      2 T   8 O     5.000000000000E-01  5.000000000000E-01  5.000000000000E-01

 T = ATOM BELONGING TO THE ASYMMETRIC UNIT
 INFORMATION **** fort.34 **** GEOMETRY OUTPUT FILE

 DIRECT LATTICE VECTORS CARTESIAN COMPONENTS (ANGSTROM)
          X                    Y                    Z
   0.000000000000E+00   0.217404521716E+01   0.217404521716E+01
   0.217404521716E+01   0.000000000000E+00   0.217404521716E+01
   0.217404521716E+01   0.217404521716E+01   0.000000000000E+00


 CARTESIAN COORDINATES - PRIMITIVE CELL
 *******************************************************************************
 *      ATOM          X(ANGSTROM)         Y(ANGSTROM)         Z(ANGSTROM)
 *******************************************************************************
    1    12 MG    0.000000000000E+00  0.000000000000E+00  0.000000000000E+00
    2     8 O     2.174045217163E+00  2.174045217163E+00  2.174045217163E+00

 DFT PARAMETERS

     ATOM       ELECTRONS   NET CHARGE   R(ANGSTROM)
   1  12  MG     12.0000      0.0000     1.60000000
   2   8  O       8.0000      0.0000     0.74000000

 SIZE OF GRID=       1335
 TTTTTTTTTTTTTTTTTTTTTTTTTTTTTT MAKE_GRID2  TELAPSE      629.77 TCPU      527.38
 BECKE WEIGHT FUNCTION
 RADSAFE =     2.00
 TOLERANCES - DENSITY:10**- 6; POTENTIAL:10**- 9; GRID WGT:10**-14

 RADIAL INTEGRATION  - INTERVALS (POINTS,UPPER LIMIT):            1( 75,  4.0*R)

 ANGULAR INTEGRATION - INTERVALS (ACCURACY LEVEL [N. POINTS] UPPER LIMIT):
  1(  4[  86]   0.2)  2(  8[ 194]   0.5)  3( 12[ 350]   0.9)  4( 16[ 974]   3.5)
  5( 12[ 350]9999.0)
 EEEEEEEEEE INT_CALC TERMINATION  DATE 20 07 2026 TIME 15:06:33.8

 *******************************************************************************
 MGO Bulk - B3LYP/POB-TZVP - Elastic constant calculation - P -12 GPa            
 CRYSTAL - SCF - TYPE OF CALCULATION :  RESTRICTED CLOSED SHELL
 *******************************************************************************

 CAPPA:IS1 12;IS2 12;IS3 12; K PTS MONK NET  72; SYMMOPS:K SPACE  48;G SPACE  48

 TTTTTTTTTTTTTTTTTTTTTTTTTTTTTT SDIK        TELAPSE      629.82 TCPU      527.43

 INFORMATION FROM INTEGRAL EVALUATION

 RESTART FROM A PREVIOUS DENSITY MATRIX - DEP ACTIVE
 NUMBER OF COUPLE SETS (NEW, OLD, FOUND):     150     150     150
 NUMBER OF IRREDUCIBLE G VECTORS        :     712     712     712

 *******************************************************************************
 LOCAL ATOMIC FUNCTIONS BASIS SET
 *******************************************************************************
   ATOM   X(AU)   Y(AU)   Z(AU)  N. TYPE  EXPONENT  S COEF   P COEF   D/F/G COEF
 *******************************************************************************
   1 MG   0.000   0.000   0.000
                                  1 S  
                                         3.144E+04 2.367E+00 0.000E+00 0.000E+00
                                         4.716E+03 4.408E+00 0.000E+00 0.000E+00
                                         1.073E+03 7.447E+00 0.000E+00 0.000E+00
                                         3.036E+02 1.121E+01 0.000E+00 0.000E+00
                                         9.863E+01 1.372E+01 0.000E+00 0.000E+00
                                         3.494E+01 1.133E+01 0.000E+00 0.000E+00
                                         1.286E+01 3.766E+00 0.000E+00 0.000E+00
                                  2 S  
                                         6.488E+01 2.152E+00 0.000E+00 0.000E+00
                                         1.973E+01 4.177E+00 0.000E+00 0.000E+00
                                         2.895E+00-4.311E+00 0.000E+00 0.000E+00
                                  3 S  
                                         1.196E+00 1.544E+00 0.000E+00 0.000E+00
                                         5.433E-01 2.647E-01 0.000E+00 0.000E+00
                                  4 S  
                                         1.347E+00 2.167E+00 0.000E+00 0.000E+00
                                  5 S  
                                         3.451E-01 7.804E-01 0.000E+00 0.000E+00
                           6-     8 P  
                                         1.799E+02 0.000E+00 1.419E+01 0.000E+00
                                         4.212E+01 0.000E+00 1.689E+01 0.000E+00
                                         1.312E+01 0.000E+00 1.574E+01 0.000E+00
                                         4.626E+00 0.000E+00 9.756E+00 0.000E+00
                                         1.670E+00 0.000E+00 3.460E+00 0.000E+00
                           9-    11 P  
                                         5.663E-01 0.000E+00 1.703E+00 0.000E+00
                          12-    14 P  
                                         1.881E-01 0.000E+00 4.296E-01 0.000E+00
                          15-    19 D  
                                         6.936E-01 0.000E+00 0.000E+00 2.110E+00
   2 O    4.108   4.108   4.108
                                 20 S  
                                         2.703E+04 2.091E+00 0.000E+00 0.000E+00
                                         4.052E+03 3.905E+00 0.000E+00 0.000E+00
                                         9.223E+02 6.678E+00 0.000E+00 0.000E+00
                                         2.612E+02 1.045E+01 0.000E+00 0.000E+00
                                         8.535E+01 1.430E+01 0.000E+00 0.000E+00
                                         3.104E+01 1.536E+01 0.000E+00 0.000E+00
                                 21 S  
                                         1.226E+01 7.251E+00 0.000E+00 0.000E+00
                                         4.999E+00 2.291E+00 0.000E+00 0.000E+00
                                 22 S  
                                         1.099E+00 1.860E+00 0.000E+00 0.000E+00
                                 23 S  
                                         3.566E-01 7.999E-01 0.000E+00 0.000E+00
                          24-    26 P  
                                         6.327E+01 0.000E+00 7.435E+00 0.000E+00
                                         1.463E+01 0.000E+00 8.231E+00 0.000E+00
                                         4.450E+00 0.000E+00 7.168E+00 0.000E+00
                                         1.528E+00 0.000E+00 4.163E+00 0.000E+00
                          27-    29 P  
                                         5.490E-01 0.000E+00 1.638E+00 0.000E+00
                          30-    32 P  
                                         1.859E-01 0.000E+00 4.231E-01 0.000E+00
                          33-    37 D  
                                         2.535E-01 0.000E+00 0.000E+00 3.624E-01
 CHARGE NORMALIZATION FACTOR   1.00000000
 TOTAL ATOMIC CHARGES:
  10.2960397   9.7039603
 TTTTTTTTTTTTTTTTTTTTTTTTTTTTTT MOQGAD      TELAPSE      629.83 TCPU      527.43
 TTTTTTTTTTTTTTTTTTTTTTTTTTTTTT SHELLXN     TELAPSE      633.42 TCPU      531.01
 TTTTTTTTTTTTTTTTTTTTTTTTTTTTTT MONMO3      TELAPSE      633.43 TCPU      531.02
 NUMERICALLY INTEGRATED DENSITY     20.0000762746
 TTTTTTTTTTTTTTTTTTTTTTTTTTTTTT NUMDFT      TELAPSE      633.58 TCPU      531.17
 CYC   0 ETOT(AU) -2.754600334242E+02 DETOT -2.75E+02 tst  3.04E-10 PX  1.00E+00
 TTTTTTTTTTTTTTTTTTTTTTTTTTTTTT DIIS        TELAPSE      633.58 TCPU      531.17
 TTTTTTTTTTTTTTTTTTTTTTTTTTTTTT FDIK        TELAPSE      633.58 TCPU      531.18
 INSULATING STATE
 TOP OF VALENCE BANDS -    BAND     10; K    1; EIG -1.9668285E-01 AU
 BOTTOM OF VIRTUAL BANDS - BAND     11; K    3; EIG  1.1692654E-01 AU
 INDIRECT ENERGY BAND GAP:   8.5337 eV
 BOTTOM OF VIRTUAL BANDS - BAND     11; K    1; EIG  1.8544006E-01 AU
 TTTTTTTTTTTTTTTTTTTTTTTTTTTTTT PDIG        TELAPSE      633.61 TCPU      531.20
 CHARGE NORMALIZATION FACTOR   1.00000000
 TOTAL ATOMIC CHARGES:
  10.2960437   9.7039563
 TTTTTTTTTTTTTTTTTTTTTTTTTTTTTT MOQGAD      TELAPSE      633.61 TCPU      531.20
 TTTTTTTTTTTTTTTTTTTTTTTTTTTTTT SHELLXN     TELAPSE      637.21 TCPU      534.78
 TTTTTTTTTTTTTTTTTTTTTTTTTTTTTT MONMO3      TELAPSE      637.21 TCPU      534.79
 NUMERICALLY INTEGRATED DENSITY     20.0000762746
 TTTTTTTTTTTTTTTTTTTTTTTTTTTTTT NUMDFT      TELAPSE      637.37 TCPU      534.95
 CYC   1 ETOT(AU) -2.754600333443E+02 DETOT  8.00E-08 tst  0.00E+00 PX  2.36E-04
 TTTTTTTTTTTTTTTTTTTTTTTTTTTTTT DIIS        TELAPSE      637.37 TCPU      534.95
 DIIS TEST: 0.35838E-09 AT SCF   CYCLE   1 - MIX   30 %
 TTTTTTTTTTTTTTTTTTTTTTTTTTTTTT FDIK        TELAPSE      637.38 TCPU      534.95
 INSULATING STATE
 TOP OF VALENCE BANDS -    BAND     10; K    1; EIG -1.9668378E-01 AU
 BOTTOM OF VIRTUAL BANDS - BAND     11; K    3; EIG  1.1692671E-01 AU
 INDIRECT ENERGY BAND GAP:   8.5338 eV
 BOTTOM OF VIRTUAL BANDS - BAND     11; K    1; EIG  1.8545779E-01 AU
 TTTTTTTTTTTTTTTTTTTTTTTTTTTTTT PDIG        TELAPSE      637.40 TCPU      534.98
 CHARGE NORMALIZATION FACTOR   1.00000000
 TOTAL ATOMIC CHARGES:
  10.2960439   9.7039561
 TTTTTTTTTTTTTTTTTTTTTTTTTTTTTT MOQGAD      TELAPSE      637.40 TCPU      534.98
 TTTTTTTTTTTTTTTTTTTTTTTTTTTTTT SHELLXN     TELAPSE      640.99 TCPU      538.56
 TTTTTTTTTTTTTTTTTTTTTTTTTTTTTT MONMO3      TELAPSE      641.00 TCPU      538.57
 NUMERICALLY INTEGRATED DENSITY     20.0000762746
 TTTTTTTTTTTTTTTTTTTTTTTTTTTTTT NUMDFT      TELAPSE      641.17 TCPU      538.73
 CYC   2 ETOT(AU) -2.754600333140E+02 DETOT  3.03E-08 tst  2.62E-10 PX  9.51E-05
 TTTTTTTTTTTTTTTTTTTTTTTTTTTTTT DIIS        TELAPSE      641.17 TCPU      538.74
 DIIS TEST: 0.22736E-09 AT SCF   CYCLE   2 - DIIS ACTIVE - HISTORY:     2 CYCLES
 TTTTTTTTTTTTTTTTTTTTTTTTTTTTTT FDIK        TELAPSE      641.17 TCPU      538.74
 INSULATING STATE
 TOP OF VALENCE BANDS -    BAND     10; K    1; EIG -1.9668304E-01 AU
 BOTTOM OF VIRTUAL BANDS - BAND     11; K    3; EIG  1.1692697E-01 AU
 INDIRECT ENERGY BAND GAP:   8.5338 eV
 BOTTOM OF VIRTUAL BANDS - BAND     11; K    1; EIG  1.8547376E-01 AU
 TTTTTTTTTTTTTTTTTTTTTTTTTTTTTT PDIG        TELAPSE      641.20 TCPU      538.77
 CHARGE NORMALIZATION FACTOR   1.00000000
 TOTAL ATOMIC CHARGES:
  10.2960450   9.7039550
 TTTTTTTTTTTTTTTTTTTTTTTTTTTTTT MOQGAD      TELAPSE      641.20 TCPU      538.77
 TTTTTTTTTTTTTTTTTTTTTTTTTTTTTT SHELLXN     TELAPSE      644.79 TCPU      542.35
 TTTTTTTTTTTTTTTTTTTTTTTTTTTTTT MONMO3      TELAPSE      644.79 TCPU      542.35
 NUMERICALLY INTEGRATED DENSITY     20.0000762746
 TTTTTTTTTTTTTTTTTTTTTTTTTTTTTT NUMDFT      TELAPSE      644.96 TCPU      542.52
 CYC   3 ETOT(AU) -2.754600332743E+02 DETOT  3.96E-08 tst  4.89E-10 PX  1.25E-04
 TTTTTTTTTTTTTTTTTTTTTTTTTTTTTT DIIS        TELAPSE      644.96 TCPU      542.53
 DIIS TEST: 0.93597E-10 AT SCF   CYCLE   3 - DIIS ACTIVE - HISTORY:     3 CYCLES
 TTTTTTTTTTTTTTTTTTTTTTTTTTTTTT FDIK        TELAPSE      644.97 TCPU      542.53
 INSULATING STATE
 TOP OF VALENCE BANDS -    BAND     10; K    1; EIG -1.9668327E-01 AU
 BOTTOM OF VIRTUAL BANDS - BAND     11; K    3; EIG  1.1692593E-01 AU
 INDIRECT ENERGY BAND GAP:   8.5337 eV
 BOTTOM OF VIRTUAL BANDS - BAND     11; K    1; EIG  1.8548966E-01 AU
 TTTTTTTTTTTTTTTTTTTTTTTTTTTTTT PDIG        TELAPSE      644.99 TCPU      542.55
 CHARGE NORMALIZATION FACTOR   1.00000000
 TOTAL ATOMIC CHARGES:
  10.2960466   9.7039534
 TTTTTTTTTTTTTTTTTTTTTTTTTTTTTT MOQGAD      TELAPSE      645.00 TCPU      542.56
 TTTTTTTTTTTTTTTTTTTTTTTTTTTTTT SHELLXN     TELAPSE      648.58 TCPU      546.14
 TTTTTTTTTTTTTTTTTTTTTTTTTTTTTT MONMO3      TELAPSE      648.59 TCPU      546.14
 NUMERICALLY INTEGRATED DENSITY     20.0000762745
 TTTTTTTTTTTTTTTTTTTTTTTTTTTTTT NUMDFT      TELAPSE      648.76 TCPU      546.31
 CYC   4 ETOT(AU) -2.754600332288E+02 DETOT  4.55E-08 tst  8.58E-10 PX  1.50E-04
 TTTTTTTTTTTTTTTTTTTTTTTTTTTTTT DIIS        TELAPSE      648.76 TCPU      546.31
 DIIS TEST: 0.60718E-10 AT SCF   CYCLE   4 - DIIS ACTIVE - HISTORY:     4 CYCLES
 TTTTTTTTTTTTTTTTTTTTTTTTTTTTTT FDIK        TELAPSE      648.76 TCPU      546.32
 INSULATING STATE
 TOP OF VALENCE BANDS -    BAND     10; K    1; EIG -1.9668346E-01 AU
 BOTTOM OF VIRTUAL BANDS - BAND     11; K    3; EIG  1.1692511E-01 AU
 INDIRECT ENERGY BAND GAP:   8.5337 eV
 BOTTOM OF VIRTUAL BANDS - BAND     11; K    1; EIG  1.8548870E-01 AU
 TTTTTTTTTTTTTTTTTTTTTTTTTTTTTT PDIG        TELAPSE      648.79 TCPU      546.34
 CHARGE NORMALIZATION FACTOR   1.00000000
 TOTAL ATOMIC CHARGES:
  10.2960487   9.7039513
 TTTTTTTTTTTTTTTTTTTTTTTTTTTTTT MOQGAD      TELAPSE      648.79 TCPU      546.34
 TTTTTTTTTTTTTTTTTTTTTTTTTTTTTT SHELLXN     TELAPSE      652.38 TCPU      549.93
 TTTTTTTTTTTTTTTTTTTTTTTTTTTTTT MONMO3      TELAPSE      652.38 TCPU      549.93
 NUMERICALLY INTEGRATED DENSITY     20.0000762745
 TTTTTTTTTTTTTTTTTTTTTTTTTTTTTT NUMDFT      TELAPSE      652.55 TCPU      550.10
 CYC   5 ETOT(AU) -2.754600332133E+02 DETOT  1.55E-08 tst  4.27E-10 PX  6.17E-05
 TTTTTTTTTTTTTTTTTTTTTTTTTTTTTT DIIS        TELAPSE      652.56 TCPU      550.10
 DIIS TEST: 0.25260E-10 AT SCF   CYCLE   5 - DIIS ACTIVE - HISTORY:     5 CYCLES
 TTTTTTTTTTTTTTTTTTTTTTTTTTTTTT FDIK        TELAPSE      652.56 TCPU      550.10
 INSULATING STATE
 TOP OF VALENCE BANDS -    BAND     10; K    1; EIG -1.9668306E-01 AU
 BOTTOM OF VIRTUAL BANDS - BAND     11; K    3; EIG  1.1692480E-01 AU
 INDIRECT ENERGY BAND GAP:   8.5337 eV
 BOTTOM OF VIRTUAL BANDS - BAND     11; K    1; EIG  1.8548694E-01 AU
 TTTTTTTTTTTTTTTTTTTTTTTTTTTTTT PDIG        TELAPSE      652.58 TCPU      550.13
 CHARGE NORMALIZATION FACTOR   1.00000000
 TOTAL ATOMIC CHARGES:
  10.2960496   9.7039504
 TTTTTTTTTTTTTTTTTTTTTTTTTTTTTT MOQGAD      TELAPSE      652.59 TCPU      550.13
 TTTTTTTTTTTTTTTTTTTTTTTTTTTTTT SHELLXN     TELAPSE      656.18 TCPU      553.71
 TTTTTTTTTTTTTTTTTTTTTTTTTTTTTT MONMO3      TELAPSE      656.18 TCPU      553.72
 NUMERICALLY INTEGRATED DENSITY     20.0000762745
 TTTTTTTTTTTTTTTTTTTTTTTTTTTTTT NUMDFT      TELAPSE      656.35 TCPU      553.88
 CYC   6 ETOT(AU) -2.754600332103E+02 DETOT  3.04E-09 tst  4.96E-11 PX  1.63E-05
 TTTTTTTTTTTTTTTTTTTTTTTTTTTTTT DIIS        TELAPSE      656.35 TCPU      553.89
 DIIS TEST: 0.85057E-11 AT SCF   CYCLE   6 - DIIS ACTIVE - HISTORY:     6 CYCLES
 TTTTTTTTTTTTTTTTTTTTTTTTTTTTTT FDIK        TELAPSE      656.36 TCPU      553.89
 INSULATING STATE
 TOP OF VALENCE BANDS -    BAND     10; K    1; EIG -1.9668300E-01 AU
 BOTTOM OF VIRTUAL BANDS - BAND     11; K    3; EIG  1.1692391E-01 AU
 INDIRECT ENERGY BAND GAP:   8.5337 eV
 BOTTOM OF VIRTUAL BANDS - BAND     11; K    1; EIG  1.8548143E-01 AU
 TTTTTTTTTTTTTTTTTTTTTTTTTTTTTT PDIG        TELAPSE      656.38 TCPU      553.91
 CHARGE NORMALIZATION FACTOR   1.00000000
 TOTAL ATOMIC CHARGES:
  10.2960501   9.7039499
 TTTTTTTTTTTTTTTTTTTTTTTTTTTTTT MOQGAD      TELAPSE      656.38 TCPU      553.92
 TTTTTTTTTTTTTTTTTTTTTTTTTTTTTT SHELLXN     TELAPSE      659.98 TCPU      557.50
 +++ ENERGIES IN A.U. +++
 ::: EXT EL-POLE                                  -4.8737779583459E+02
 ::: EXT EL-SPHEROPOLE                             4.0761330297794E+00
 ::: BIELET ZONE E-E                               5.5088273444036E+02
 ::: TOTAL E-E                                     6.7581071635545E+01
 ::: TOTAL E-N + N-E                              -5.2636162792525E+02
 ::: TOTAL N-N                                    -7.0763202710804E+01
 ::: KINETIC ENERGY                                2.7441803037752E+02
 ::: PSEUDO TOTAL   ENERGY                        -2.5512572862298E+02
 ::: VIRIAL COEFFICIENT                            1.0364319311230E+00
 TTTTTTTTTTTTTTTTTTTTTTTTTTTTTT MONMO3      TELAPSE      659.98 TCPU      557.51
 NUMERICALLY INTEGRATED DENSITY     20.0000762745
 EXCHANGE ENERGY: -0.194096690255E+02  CORRELATION ENERGY: -0.924635558437E+00
 TTTTTTTTTTTTTTTTTTTTTTTTTTTTTT NUMDFT      TELAPSE      660.15 TCPU      557.67
 CYC   7 ETOT(AU) -2.754600332069E+02 DETOT  3.43E-09 tst  1.38E-10 PX  1.63E-05

 == SCF ENDED - CONVERGENCE ON ENERGY      E(AU) -2.7546003320688E+02 CYCLES   7


 ENERGY EXPRESSION=HARTREE+FOCK EXCH*0.20000+(BECKE      EXCH)*0.80000+LYP        CORR


 TOTAL ENERGY(DFT)(AU)(  7) -2.7546003320688E+02 DE 3.4E-09 tester 1.4E-10
 TTTTTTTTTTTTTTTTTTTTTTTTTTTTTT EDFT        TELAPSE      660.15 TCPU      557.67

 *******************************************************************************
 *                             FORCE CALCULATION                               *
 *******************************************************************************

 TTTTTTTTTTTTTTTTTTTTTTTTTTTTTT NUMDFG      TELAPSE      661.85 TCPU      559.37
 INFORMATION **** EXCPOG **** EXCH. BIPO BUFFER LENGTH (WORDS) =     2059812
 INFORMATION **** GENPOG **** BIPO BUFFER LENGTH (WORDS) =      320100
 TTTTTTTTTTTTTTTTTTTTTTTTTTTTTT SHELXG      TELAPSE      692.14 TCPU      589.64

 CARTESIAN FORCES IN HARTREE/BOHR (ANALYTICAL)
   ATOM                     X                   Y                   Z
   1  12            -4.589825431309E-15 -6.096700913630E-15 -4.674294161604E-15
   2   8             4.592138395944E-15  6.096700913630E-15  4.674294161604E-15

 RESULTANT FORCE     2.312964634635E-18 -7.888609052210E-31  0.000000000000E+00

 ATOMIC PART

 THERE ARE NO SYMMETRY ALLOWED DIRECTIONS

 CELL PART

 GRADIENT WITH RESPECT TO THE CELL PARAMETER IN HARTREE/BOHR
ORDER: -D/DA1X, -D/DA1Y, -D/DA1Z
       -D/DA2X, -D/DA2Y, -D/DA2Z
       -D/DA3X, -D/DA3Y, -D/DA3Z
  0.690261994635E-02 -0.690261994635E-02 -0.690261994635E-02
 -0.690261994635E-02  0.690261994635E-02 -0.690261994635E-02
 -0.690261994635E-02 -0.690261994635E-02  0.690261994635E-02

STRESS TENSOR, IN HARTREE/BOHR^3:
ORDER: 11 12 13
       21 22 23
       31 32 33
  0.408958348736E-03 -0.175490816810E-16 -0.175490816810E-16
  0.482204983360E-16  0.408958348736E-03 -0.114671562585E-19
  0.426426373413E-20 -0.175378781314E-16  0.408958348736E-03

PRESSURE FROM THE STRESS TENSOR,
IN HARTREE/BOHR^3: -0.40896E-03
PRESSURE IN GIGAPASCAL: -0.1203E+02
CONVERSION FACTOR: 1 HARTREE/BOHR^3= 29421 GIGAPASCAL
WHEN USING VALUES FOR BOHR RADIUS AND HARTREE
FROM IUPAC WEBSITE, APRIL 2009
ENTHALPY: -2.7551674996507E+02
NOW EXTERNAL STRESS TAKEN INTO ACCOUNT

GRADIENT WITH RESPECT TO THE CELL PARAMETER IN HARTREE/BOHR,
AFTER ADDING EXTERNAL STRESS
ORDER: -D/DA1X, -D/DA1Y, -D/DA1Z
       -D/DA2X, -D/DA2Y, -D/DA2Z
       -D/DA3X, -D/DA3Y, -D/DA3Z
  0.185505867004E-04 -0.185505866997E-04 -0.185505867012E-04
 -0.185505866998E-04  0.185505866997E-04 -0.185505867017E-04
 -0.185505866998E-04 -0.185505867013E-04  0.185505867017E-04


 SYMMETRY ALLOWED FORCES (ANALYTICAL) (DIRECTION, FORCE)

    1 -2.6400717E-04
 TTTTTTTTTTTTTTTTTTTTTTTTTTTTTT TOTGRA      TELAPSE      692.23 TCPU      589.72

 VOLUME OF THE CELL:  20.551130

 DENSITY OF THE CRYSTAL =          3.2304 g/cm^3

 STRAIN MATRIX   1 :

  |   1.0   0.0   0.0 |
  |   0.0   0.0   0.0 |
  |   0.0   0.0   0.0 |
  

   DISPL        ENERGY              DELTA E

 -0.0100   -2.7546054939E+02   -5.1636957318E-04
  0.0000   -2.7546003302E+02    0.0000000000E+00
  0.0100   -2.7545942426E+02    6.0876171869E-04
  ELASTIC TENSOR CONSTANTS 
 c11 =             196.59796996 GPa
 c12 =              82.37559113 GPa
 c13 =              82.37559113 GPa
 c14 =               0.00000000 GPa
 c15 =               0.00000000 GPa
 c16 =              -0.00000000 GPa

 STRAIN MATRIX   4 :

  |   0.0   0.0   0.0 |
  |   0.0   0.0   1.0 |
  |   0.0   1.0   0.0 |
  

   DISPL        ENERGY              DELTA E

 -0.0100   -2.7545989180E+02    1.4144516342E-04
  0.0000   -2.7546003325E+02    0.0000000000E+00
  0.0100   -2.7545989177E+02    1.4147718969E-04
  ELASTIC TENSOR CONSTANTS 
 c41 =              -0.01104517 GPa
 c42 =              -0.01052671 GPa
 c43 =              -0.01052671 GPa
 c44 =             156.06780264 GPa
 c45 =              -0.00000000 GPa
 c46 =               0.00000000 GPa

 ************************************************************************
 ************************************************************************
                           FINAL RESULTS START
 ************************************************************************
 ************************************************************************

 THE CALCULATION HAS BEEN PERFORMED WITH   3 POINTS AND
 A STEP OF     0.01000
 THIS PERMITS TO PERFORM A FITTING UP TO SECOND   ORDER

 DATA FOR MAXIMUM NUMBER OF POINTS AND ORDER OF FIT

 ************************************************************************
 ELASTIC PROPERTIES AT PRESSURE (GPa) = -12.000

 Users of this module are kindly asked to cite the following reference:

 A. Erba, A. Mahmoud, D. Belmonte and R. Dovesi, J. Chem. Phys., 140, 124703 (2014)

 ************************************************************************


 SYMMETRIZED ELASTIC CONSTANTS FOR CUBIC        CASE, IN GPa

 |   196.598   82.376   82.376    0.000    0.000    0.000 |
 |            196.598   82.376    0.000    0.000    0.000 |
 |                     196.598    0.000    0.000    0.000 |
 |                              156.068    0.000    0.000 |
 |                                       156.068    0.000 |
 |                                                156.068 |


 ELASTIC MODULI (COMPLIANCE TENSOR), IN TPa^-1

 |    6.7590  -1.9958  -1.9958   0.0000   0.0000   0.0000 |
 |             6.7590  -1.9958   0.0000   0.0000   0.0000 |
 |                      6.7590   0.0000   0.0000   0.0000 |
 |                               6.4075   0.0000   0.0000 |
 |                                        6.4075   0.0000 |
 |                                                 6.4075 |


 BULK MODULUS K, SHEAR MODULUS G, YOUNG MODULUS E AND
 POISSON RATIO v (ALL IN GPa) ACCORDING TO VOIGT-REUSS-HILL

    K_V     G_V     K_R     G_R     K_H     G_H    E_H      v_H

  120.45  116.49  120.45   92.18  120.45  104.33  242.87   0.164

 SEISMIC VELOCITIES BY CHRISTOFFEL EQUATION (km/s)

       WAVE VECTOR                Vp        Vs1       Vs2

 [ 0.000  0.000  1.000]          7.801     6.951     6.951
 [ 0.000  1.000  0.000]          7.801     6.951     6.951
 [ 1.000  0.000  0.000]          7.801     6.951     6.951
 [ 1.000  1.000  0.000]          9.565     6.951     4.205
 [ 1.000  0.000  1.000]          9.565     6.951     4.205
 [ 0.000  1.000  1.000]          9.565     6.951     4.205
 [ 1.000  1.000  1.000]         10.085     5.281     5.281

 ************************************************************************
 ************************************************************************
                           FINAL RESULTS END
 ************************************************************************
 ************************************************************************

       
 BULK MODULUS (GPa) 
       
 K =     120.45
       
 TTTTTTTTTTTTTTTTTTTTTTTTTTTTTT END         TELAPSE     2095.35 TCPU     1794.22
 EEEEEEEEEE TERMINATION  DATE 20 07 2026 TIME 15:30:59.4
NODE    0 CPU TIME =      1794.223
NODE    1 CPU TIME =      2094.750
NODE    2 CPU TIME =      2094.556
NODE    3 CPU TIME =      2094.810
NODE    4 CPU TIME =      2094.661
NODE    5 CPU TIME =      2094.806
NODE    6 CPU TIME =      2094.803
NODE    7 CPU TIME =      2094.804
NODE    8 CPU TIME =      2094.805
NODE    9 CPU TIME =      2094.386
NODE   10 CPU TIME =      2094.805
NODE   11 CPU TIME =      2094.797
NODE   12 CPU TIME =      2094.792
NODE   13 CPU TIME =      2094.795
NODE   14 CPU TIME =      2094.793
NODE   15 CPU TIME =      2094.788
NODE   16 CPU TIME =      2094.475
NODE   17 CPU TIME =      2094.760
NODE   18 CPU TIME =      2094.659
NODE   19 CPU TIME =      2094.782
NODE   20 CPU TIME =      2094.775
NODE   21 CPU TIME =      2094.794
NODE   22 CPU TIME =      2094.807
NODE   23 CPU TIME =      2094.808
NODE   24 CPU TIME =      2094.793
NODE   25 CPU TIME =      2094.649
NODE   26 CPU TIME =      2094.788
NODE   27 CPU TIME =      2094.769
NODE   28 CPU TIME =      2094.737
NODE   29 CPU TIME =      2094.784
NODE   30 CPU TIME =      2094.801
NODE   31 CPU TIME =      2094.792
    TOTAL CPU TIME =     66731.346
lun 20 lug 2026, 15:31:05, CEST


Job finished!
